ARM Linker, 5.02 [Build 28] [MDK-ARM Standard]

==============================================================================

Section Cross References

    startup_stm32f103xb.o(STACK) refers (Special) to heapauxi.o(.text) for __use_two_region_memory
    startup_stm32f103xb.o(HEAP) refers (Special) to heapauxi.o(.text) for __use_two_region_memory
    startup_stm32f103xb.o(RESET) refers (Special) to heapauxi.o(.text) for __use_two_region_memory
    startup_stm32f103xb.o(RESET) refers to startup_stm32f103xb.o(STACK) for __initial_sp
    startup_stm32f103xb.o(RESET) refers to startup_stm32f103xb.o(.text) for Reset_Handler
    startup_stm32f103xb.o(RESET) refers to stm32f1xx_it.o(.text) for NMI_Handler
    startup_stm32f103xb.o(RESET) refers to delay.o(.text) for TIM2_IRQHandler
    startup_stm32f103xb.o(.text) refers (Special) to heapauxi.o(.text) for __use_two_region_memory
    startup_stm32f103xb.o(.text) refers to system_stm32f10x.o(.text) for SystemInit
    startup_stm32f103xb.o(.text) refers to __main.o(!!!main) for __main
    startup_stm32f103xb.o(.text) refers to startup_stm32f103xb.o(HEAP) for Heap_Mem
    startup_stm32f103xb.o(.text) refers to startup_stm32f103xb.o(STACK) for Stack_Mem
    system_stm32f10x.o(.text) refers to system_stm32f10x.o(.data) for SystemCoreClock
    stm32f1xx_hal_msp.o(.text) refers to stm32f1xx_hal_cortex.o(.text) for HAL_NVIC_SetPriorityGrouping
    stm32f1xx_hal_msp.o(.text) refers to stm32f1xx_hal_gpio.o(.text) for HAL_GPIO_Init
    stm32f1xx_it.o(.text) refers to stm32f1xx_hal.o(.text) for HAL_IncTick
    stm32f1xx_it.o(.text) refers to stm32f1xx_hal_cortex.o(.text) for HAL_SYSTICK_IRQHandler
    delay.o(.text) refers to system_stm32f10x.o(.data) for SystemCoreClock
    delay.o(.text) refers to delay.o(.data) for uiTimeInUs
    main.o(.text) refers to stm32f1xx_hal_tim.o(.text) for HAL_TIM_Base_Init
    main.o(.text) refers to stm32f1xx_hal_tim_ex.o(.text) for HAL_TIMEx_MasterConfigSynchronization
    main.o(.text) refers to stm32f1xx_hal.o(.text) for HAL_Init
    main.o(.text) refers to lcd.o(.text) for lcd_pin_init
    main.o(.text) refers to stm32f1xx_hal_gpio.o(.text) for HAL_GPIO_TogglePin
    main.o(.text) refers to stm32f1xx_hal_rcc.o(.text) for HAL_RCC_OscConfig
    main.o(.text) refers to stm32f1xx_hal_cortex.o(.text) for HAL_SYSTICK_Config
    main.o(.text) refers to stm32f1xx_hal_i2c.o(.text) for HAL_I2C_Init
    main.o(.text) refers to main.o(.bss) for hi2c1
    stm32f1xx_hal.o(.text) refers to stm32f1xx_hal_cortex.o(.text) for HAL_SYSTICK_Config
    stm32f1xx_hal.o(.text) refers to stm32f1xx_hal_msp.o(.text) for HAL_MspInit
    stm32f1xx_hal.o(.text) refers to stm32f1xx_hal.o(.data) for uwTickFreq
    stm32f1xx_hal.o(.text) refers to system_stm32f10x.o(.data) for SystemCoreClock
    stm32f1xx_hal_dma.o(.text) refers to stm32f1xx_hal.o(.text) for HAL_GetTick
    stm32f1xx_hal_flash.o(.text) refers to stm32f1xx_hal.o(.text) for HAL_GetTick
    stm32f1xx_hal_flash.o(.text) refers to llushr.o(.text) for __aeabi_llsr
    stm32f1xx_hal_flash.o(.text) refers to stm32f1xx_hal_flash_ex.o(.text) for FLASH_PageErase
    stm32f1xx_hal_flash.o(.text) refers to stm32f1xx_hal_flash.o(.bss) for pFlash
    stm32f1xx_hal_flash.o(.text) refers to stm32f1xx_hal_cortex.o(.text) for HAL_NVIC_SystemReset
    stm32f1xx_hal_flash_ex.o(.text) refers to stm32f1xx_hal_flash.o(.text) for FLASH_WaitForLastOperation
    stm32f1xx_hal_flash_ex.o(.text) refers to stm32f1xx_hal_flash.o(.bss) for pFlash
    stm32f1xx_hal_i2c.o(.text) refers to stm32f1xx_hal_msp.o(.text) for HAL_I2C_MspInit
    stm32f1xx_hal_i2c.o(.text) refers to stm32f1xx_hal_rcc.o(.text) for HAL_RCC_GetPCLK1Freq
    stm32f1xx_hal_i2c.o(.text) refers to stm32f1xx_hal.o(.text) for HAL_GetTick
    stm32f1xx_hal_i2c.o(.text) refers to system_stm32f10x.o(.data) for SystemCoreClock
    stm32f1xx_hal_i2c.o(.text) refers to stm32f1xx_hal_dma.o(.text) for HAL_DMA_Start_IT
    stm32f1xx_hal_rcc.o(.text) refers to stm32f1xx_hal.o(.text) for HAL_GetTick
    stm32f1xx_hal_rcc.o(.text) refers to system_stm32f10x.o(.data) for SystemCoreClock
    stm32f1xx_hal_rcc.o(.text) refers to stm32f1xx_hal_gpio.o(.text) for HAL_GPIO_Init
    stm32f1xx_hal_rcc_ex.o(.text) refers to stm32f1xx_hal.o(.text) for HAL_GetTick
    stm32f1xx_hal_rcc_ex.o(.text) refers to stm32f1xx_hal_rcc.o(.text) for HAL_RCC_GetPCLK2Freq
    stm32f1xx_hal_tim.o(.text) refers to main.o(.text) for HAL_TIM_Base_MspInit
    stm32f1xx_hal_tim.o(.text) refers to stm32f1xx_hal_dma.o(.text) for HAL_DMA_Start_IT
    stm32f1xx_hal_tim.o(.text) refers to stm32f1xx_hal_tim_ex.o(.text) for HAL_TIMEx_BreakCallback
    stm32f1xx_hal_tim_ex.o(.text) refers to stm32f1xx_hal_tim.o(.text) for TIM_Base_SetConfig
    stm32f1xx_hal_tim_ex.o(.text) refers to stm32f1xx_hal_dma.o(.text) for HAL_DMA_Start_IT
    stm32f1xx_hal_uart.o(.text) refers to stm32f1xx_hal_rcc.o(.text) for HAL_RCC_GetPCLK2Freq
[...]
    libinit.o(.ARM.Collect$$libinit$$00000000) refers (Special) to libinit2.o(.ARM.Collect$$libinit$$0000001D) for __rt_lib_init_fp_trap_1
    libinit.o(.ARM.Collect$$libinit$$00000000) refers (Special) to libinit2.o(.ARM.Collect$$libinit$$00000021) for __rt_lib_init_getenv_1
    libinit.o(.ARM.Collect$$libinit$$00000000) refers (Special) to libinit2.o(.ARM.Collect$$libinit$$00000008) for __rt_lib_init_heap_1
    libinit.o(.ARM.Collect$$libinit$$00000000) refers (Special) to libinit2.o(.ARM.Collect$$libinit$$0000000F) for __rt_lib_init_lc_collate_1
    libinit.o(.ARM.Collect$$libinit$$00000000) refers (Special) to libinit2.o(.ARM.Collect$$libinit$$00000011) for __rt_lib_init_lc_ctype_1
    libinit.o(.ARM.Collect$$libinit$$00000000) refers (Special) to libinit2.o(.ARM.Collect$$libinit$$00000013) for __rt_lib_init_lc_monetary_1
    libinit.o(.ARM.Collect$$libinit$$00000000) refers (Special) to libinit2.o(.ARM.Collect$$libinit$$00000015) for __rt_lib_init_lc_numeric_1
    libinit.o(.ARM.Collect$$libinit$$00000000) refers (Special) to libinit2.o(.ARM.Collect$$libinit$$00000017) for __rt_lib_init_lc_time_1
    libinit.o(.ARM.Collect$$libinit$$00000000) refers (Special) to libinit2.o(.ARM.Collect$$libinit$$0000000C) for __rt_lib_init_rand_1
    libinit.o(.ARM.Collect$$libinit$$00000000) refers (Special) to libinit2.o(.ARM.Collect$$libinit$$00000031) for __rt_lib_init_return
    libinit.o(.ARM.Collect$$libinit$$00000000) refers (Special) to libinit2.o(.ARM.Collect$$libinit$$0000001B) for __rt_lib_init_signal_1
    libinit.o(.ARM.Collect$$libinit$$00000000) refers (Special) to libinit2.o(.ARM.Collect$$libinit$$00000023) for __rt_lib_init_stdio_1
    libinit.o(.ARM.Collect$$libinit$$00000000) refers (Special) to libinit2.o(.ARM.Collect$$libinit$$0000000A) for __rt_lib_init_user_alloc_1
    libspace.o(.text) refers to libspace.o(.bss) for __libspace_start
    rtexit.o(.ARM.Collect$$rtexit$$00000000) refers (Special) to rtexit2.o(.ARM.Collect$$rtexit$$00000004) for __rt_exit_exit
    rtexit.o(.ARM.Collect$$rtexit$$00000000) refers (Special) to rtexit2.o(.ARM.Collect$$rtexit$$00000003) for __rt_exit_ls
    rtexit.o(.ARM.Collect$$rtexit$$00000000) refers (Special) to rtexit2.o(.ARM.Collect$$rtexit$$00000002) for __rt_exit_prels_1
    rtexit.o(.ARM.exidx) refers (Special) to rtexit2.o(.ARM.Collect$$rtexit$$00000004) for __rt_exit_exit
    rtexit.o(.ARM.exidx) refers (Special) to rtexit2.o(.ARM.Collect$$rtexit$$00000003) for __rt_exit_ls
    rtexit.o(.ARM.exidx) refers (Special) to rtexit2.o(.ARM.Collect$$rtexit$$00000002) for __rt_exit_prels_1
    rtexit.o(.ARM.exidx) refers to rtexit.o(.ARM.Collect$$rtexit$$00000000) for .ARM.Collect$$rtexit$$00000000
    libinit2.o(.ARM.Collect$$libinit$$0000000E) refers to libinit2.o(.ARM.Collect$$libinit$$0000000D) for .ARM.Collect$$libinit$$0000000D
    libinit2.o(.ARM.Collect$$libinit$$00000010) refers to libinit2.o(.ARM.Collect$$libinit$$0000000D) for .ARM.Collect$$libinit$$0000000D
    libinit2.o(.ARM.Collect$$libinit$$00000012) refers to libinit2.o(.ARM.Collect$$libinit$$0000000D) for .ARM.Collect$$libinit$$0000000D
    libinit2.o(.ARM.Collect$$libinit$$00000014) refers to libinit2.o(.ARM.Collect$$libinit$$0000000D) for .ARM.Collect$$libinit$$0000000D
    libinit2.o(.ARM.Collect$$libinit$$00000016) refers to libinit2.o(.ARM.Collect$$libinit$$0000000D) for .ARM.Collect$$libinit$$0000000D
    libinit2.o(.ARM.Collect$$libinit$$00000024) refers to argv_veneer.o(.emb_text) for __ARM_argv_veneer
    libinit2.o(.ARM.Collect$$libinit$$00000025) refers to argv_veneer.o(.emb_text) for __ARM_argv_veneer
    rtexit2.o(.ARM.Collect$$rtexit$$00000003) refers to libshutdown.o(.ARM.Collect$$libshutdown$$00000000) for __rt_lib_shutdown
    rtexit2.o(.ARM.Collect$$rtexit$$00000004) refers to sys_exit.o(.text) for _sys_exit
    rtexit2.o(.ARM.exidx) refers to rtexit2.o(.ARM.Collect$$rtexit$$00000001) for .ARM.Collect$$rtexit$$00000001
    rtexit2.o(.ARM.exidx) refers to rtexit2.o(.ARM.Collect$$rtexit$$00000003) for .ARM.Collect$$rtexit$$00000003
    rtexit2.o(.ARM.exidx) refers to rtexit2.o(.ARM.Collect$$rtexit$$00000004) for .ARM.Collect$$rtexit$$00000004
    argv_veneer.o(.emb_text) refers to no_argv.o(.text) for __ARM_get_argv
    sys_exit.o(.text) refers (Special) to use_no_semi.o(.text) for __I$use$semihosting
    sys_exit.o(.text) refers (Special) to indicate_semi.o(.text) for __semihosting_library_function
    _get_argv_nomalloc.o(.text) refers (Special) to hrguard.o(.text) for __heap_region$guard
    _get_argv_nomalloc.o(.text) refers to defsig_rtmem_outer.o(.text) for __rt_SIGRTMEM
    _get_argv_nomalloc.o(.text) refers to sys_command.o(.text) for _sys_command_string
    libshutdown.o(.ARM.Collect$$libshutdown$$00000000) refers (Special) to libshutdown2.o(.ARM.Collect$$libshutdown$$00000006) for __rt_lib_shutdown_fp_trap_1
    libshutdown.o(.ARM.Collect$$libshutdown$$00000000) refers (Special) to libshutdown2.o(.ARM.Collect$$libshutdown$$0000000E) for __rt_lib_shutdown_heap_1
    libshutdown.o(.ARM.Collect$$libshutdown$$00000000) refers (Special) to libshutdown2.o(.ARM.Collect$$libshutdown$$0000000F) for __rt_lib_shutdown_return
    libshutdown.o(.ARM.Collect$$libshutdown$$00000000) refers (Special) to libshutdown2.o(.ARM.Collect$$libshutdown$$00000009) for __rt_lib_shutdown_signal_1
    libshutdown.o(.ARM.Collect$$libshutdown$$00000000) refers (Special) to libshutdown2.o(.ARM.Collect$$libshutdown$$00000003) for __rt_lib_shutdown_stdio_1
    libshutdown.o(.ARM.Collect$$libshutdown$$00000000) refers (Special) to libshutdown2.o(.ARM.Collect$$libshutdown$$0000000B) for __rt_lib_shutdown_user_alloc_1
    sys_command.o(.text) refers (Special) to use_no_semi.o(.text) for __I$use$semihosting
    sys_command.o(.text) refers (Special) to indicate_semi.o(.text) for __semihosting_library_function
    defsig_rtmem_outer.o(.text) refers to defsig_rtmem_inner.o(.text) for __rt_SIGRTMEM_inner
    defsig_rtmem_outer.o(.text) refers to defsig_exit.o(.text) for __sig_exit
    defsig_rtmem_formal.o(.text) refers to rt_raise.o(.text) for __rt_raise
    rt_raise.o(.text) refers to __raise.o(.text) for __raise
    rt_raise.o(.text) refers to sys_exit.o(.text) for _sys_exit
    defsig_exit.o(.text) refers to sys_exit.o(.text) for _sys_exit
    defsig_rtmem_inner.o(.text) refers to defsig_general.o(.text) for __default_signal_display
    __raise.o(.text) refers to defsig.o(CL$$defsig) for __default_signal_handler
    defsig_general.o(.text) refers to sys_wrch.o(.text) for _ttywrch
    sys_wrch.o(.text) refers (Special) to use_no_semi.o(.text) for __I$use$semihosting
    sys_wrch.o(.text) refers (Special) to indicate_semi.o(.text) for __semihosting_library_function
    defsig.o(CL$$defsig) refers to defsig_rtmem_inner.o(.text) for __rt_SIGRTMEM_inner
    defsig_abrt_inner.o(.text) refers to defsig_general.o(.text) for __default_signal_display
    defsig_fpe_inner.o(.text) refers to defsig_general.o(.text) for __default_signal_display
    defsig_rtred_inner.o(.text) refers to defsig_general.o(.text) for __default_signal_display
    defsig_stak_inner.o(.text) refers to defsig_general.o(.text) for __default_signal_display
    defsig_pvfn_inner.o(.text) refers to defsig_general.o(.text) for __default_signal_display
    defsig_cppl_inner.o(.text) refers to defsig_general.o(.text) for __default_signal_display
    defsig_segv_inner.o(.text) refers to defsig_general.o(.text) for __default_signal_display
    defsig_other.o(.text) refers to defsig_general.o(.text) for __default_signal_display


==============================================================================

Removing Unused input sections from the image.

    Removing system_stm32f10x.o(.rev16_text), (4 bytes).
    Removing system_stm32f10x.o(.revsh_text), (4 bytes).
    Removing system_stm32f10x.o(.rrx_text), (6 bytes).
    Removing stm32f1xx_hal_msp.o(.rev16_text), (4 bytes).
    Removing stm32f1xx_hal_msp.o(.revsh_text), (4 bytes).
    Removing stm32f1xx_hal_msp.o(.rrx_text), (6 bytes).
    Removing stm32f1xx_it.o(.rev16_text), (4 bytes).
    Removing stm32f1xx_it.o(.revsh_text), (4 bytes).
    Removing stm32f1xx_it.o(.rrx_text), (6 bytes).
    Removing delay.o(.rev16_text), (4 bytes).
    Removing delay.o(.revsh_text), (4 bytes).
    Removing delay.o(.rrx_text), (6 bytes).
    Removing main.o(.rev16_text), (4 bytes).
    Removing main.o(.revsh_text), (4 bytes).
    Removing main.o(.rrx_text), (6 bytes).
    Removing stm32f1xx_hal.o(.rev16_text), (4 bytes).
    Removing stm32f1xx_hal.o(.revsh_text), (4 bytes).
    Removing stm32f1xx_hal.o(.rrx_text), (6 bytes).
    Removing stm32f1xx_hal_cortex.o(.rev16_text), (4 bytes).
    Removing stm32f1xx_hal_cortex.o(.revsh_text), (4 bytes).
    Removing stm32f1xx_hal_cortex.o(.rrx_text), (6 bytes).
    Removing stm32f1xx_hal_dma.o(.rev16_text), (4 bytes).
    Removing stm32f1xx_hal_dma.o(.revsh_text), (4 bytes).
    Removing stm32f1xx_hal_dma.o(.rrx_text), (6 bytes).
    Removing stm32f1xx_hal_flash.o(.rev16_text), (4 bytes).
    Removing stm32f1xx_hal_flash.o(.revsh_text), (4 bytes).
    Removing stm32f1xx_hal_flash.o(.rrx_text), (6 bytes).
    Removing stm32f1xx_hal_flash.o(.text), (1052 bytes).
    Removing stm32f1xx_hal_flash.o(.bss), (32 bytes).
    Removing stm32f1xx_hal_flash_ex.o(.rev16_text), (4 bytes).
    Removing stm32f1xx_hal_flash_ex.o(.revsh_text), (4 bytes).
    Removing stm32f1xx_hal_flash_ex.o(.rrx_text), (6 bytes).
    Removing stm32f1xx_hal_flash_ex.o(.text), (1424 bytes).
    Removing stm32f1xx_hal_gpio.o(.rev16_text), (4 bytes).
    Removing stm32f1xx_hal_gpio.o(.revsh_text), (4 bytes).
    Removing stm32f1xx_hal_gpio.o(.rrx_text), (6 bytes).
    Removing stm32f1xx_hal_gpio_ex.o(.rev16_text), (4 bytes).
    Removing stm32f1xx_hal_gpio_ex.o(.revsh_text), (4 bytes).
    Removing stm32f1xx_hal_gpio_ex.o(.rrx_text), (6 bytes).
    Removing stm32f1xx_hal_gpio_ex.o(.text), (52 bytes).
    Removing stm32f1xx_hal_i2c.o(.rev16_text), (4 bytes).
    Removing stm32f1xx_hal_i2c.o(.revsh_text), (4 bytes).
    Removing stm32f1xx_hal_i2c.o(.rrx_text), (6 bytes).
    Removing stm32f1xx_hal_pwr.o(.rev16_text), (4 bytes).
    Removing stm32f1xx_hal_pwr.o(.revsh_text), (4 bytes).
    Removing stm32f1xx_hal_pwr.o(.rrx_text), (6 bytes).
    Removing stm32f1xx_hal_pwr.o(.text), (520 bytes).
    Removing stm32f1xx_hal_rcc.o(.rev16_text), (4 bytes).
    Removing stm32f1xx_hal_rcc.o(.revsh_text), (4 bytes).
    Removing stm32f1xx_hal_rcc.o(.rrx_text), (6 bytes).
    Removing stm32f1xx_hal_rcc_ex.o(.rev16_text), (4 bytes).
    Removing stm32f1xx_hal_rcc_ex.o(.revsh_text), (4 bytes).
    Removing stm32f1xx_hal_rcc_ex.o(.rrx_text), (6 bytes).
    Removing stm32f1xx_hal_rcc_ex.o(.text), (636 bytes).
    Removing stm32f1xx_hal_tim.o(.rev16_text), (4 bytes).
    Removing stm32f1xx_hal_tim.o(.revsh_text), (4 bytes).
    Removing stm32f1xx_hal_tim.o(.rrx_text), (6 bytes).
    Removing stm32f1xx_hal_tim_ex.o(.rev16_text), (4 bytes).
    Removing stm32f1xx_hal_tim_ex.o(.revsh_text), (4 bytes).
    Removing stm32f1xx_hal_tim_ex.o(.rrx_text), (6 bytes).
    Removing stm32f1xx_hal_uart.o(.rev16_text), (4 bytes).
    Removing stm32f1xx_hal_uart.o(.revsh_text), (4 bytes).
    Removing stm32f1xx_hal_uart.o(.rrx_text), (6 bytes).
    Removing stm32f1xx_hal_uart.o(.text), (4496 bytes).
    Removing stm32f1xx_hal_exti.o(.rev16_text), (4 bytes).
    Removing stm32f1xx_hal_exti.o(.revsh_text), (4 bytes).
    Removing stm32f1xx_hal_exti.o(.rrx_text), (6 bytes).
    Removing stm32f1xx_hal_exti.o(.text), (676 bytes).
    Removing i2c_lcd.o(.rev16_text), (4 bytes).
    Removing i2c_lcd.o(.revsh_text), (4 bytes).
    Removing i2c_lcd.o(.rrx_text), (6 bytes).
    Removing i2c_lcd.o(.text), (796 bytes).
    Removing i2c_lcd.o(.bss), (30 bytes).
    Removing i2c_lcd.o(.data), (13 bytes).
    Removing lcd.o(.rev16_text), (4 bytes).
    Removing lcd.o(.revsh_text), (4 bytes).
    Removing lcd.o(.rrx_text), (6 bytes).
    Removing led.o(.rev16_text), (4 bytes).
    Removing led.o(.revsh_text), (4 bytes).
    Removing led.o(.rrx_text), (6 bytes).
    Removing led.o(.text), (28 bytes).

81 unused section(s) (total 10077 bytes) removed from the image.

==============================================================================

Image Symbol Table

    Local Symbols

    Symbol Name                              Value     Ov Type        Size  Object(Section)

    ../clib/angel/boardlib.s                 0x00000000   Number         0  boardshut.o ABSOLUTE
    ../clib/angel/boardlib.s                 0x00000000   Number         0  boardinit3.o ABSOLUTE
    ../clib/angel/boardlib.s                 0x00000000   Number         0  boardinit2.o ABSOLUTE
    ../clib/angel/boardlib.s                 0x00000000   Number         0  boardinit1.o ABSOLUTE
    ../clib/angel/handlers.s                 0x00000000   Number         0  __scatter_copy.o ABSOLUTE
    ../clib/angel/handlers.s                 0x00000000   Number         0  __scatter_zi.o ABSOLUTE
    ../clib/angel/kernel.s                   0x00000000   Number         0  rtentry4.o ABSOLUTE
    ../clib/angel/kernel.s                   0x00000000   Number         0  rtentry.o ABSOLUTE
    ../clib/angel/kernel.s                   0x00000000   Number         0  rtentry2.o ABSOLUTE
    ../clib/angel/kernel.s                   0x00000000   Number         0  rtexit2.o ABSOLUTE
    ../clib/angel/kernel.s                   0x00000000   Number         0  rtexit.o ABSOLUTE
    ../clib/angel/rt.s                       0x00000000   Number         0  rt_raise.o ABSOLUTE
    ../clib/angel/scatter.s                  0x00000000   Number         0  __scatter.o ABSOLUTE
    ../clib/angel/startup.s                  0x00000000   Number         0  __main.o ABSOLUTE
    ../clib/angel/sys.s                      0x00000000   Number         0  sys_stackheap_outer.o ABSOLUTE
    ../clib/angel/sys.s                      0x00000000   Number         0  libspace.o ABSOLUTE
    ../clib/angel/sys.s                      0x00000000   Number         0  use_no_semi.o ABSOLUTE
    ../clib/angel/sys.s                      0x00000000   Number         0  indicate_semi.o ABSOLUTE
    ../clib/angel/sysapp.c                   0x00000000   Number         0  sys_exit.o ABSOLUTE
    ../clib/angel/sysapp.c                   0x00000000   Number         0  sys_command.o ABSOLUTE
    ../clib/angel/sysapp.c                   0x00000000   Number         0  sys_wrch.o ABSOLUTE
    ../clib/armsys.c                         0x00000000   Number         0  argv_veneer.o ABSOLUTE
    ../clib/armsys.c                         0x00000000   Number         0  no_argv.o ABSOLUTE
    ../clib/armsys.c                         0x00000000   Number         0  _get_argv_nomalloc.o ABSOLUTE
    ../clib/armsys.c                         0x00000000   Number         0  argv_veneer.o ABSOLUTE
    ../clib/heapalloc.c                      0x00000000   Number         0  hrguard.o ABSOLUTE
    ../clib/heapaux.c                        0x00000000   Number         0  heapauxi.o ABSOLUTE
    ../clib/libinit.s                        0x00000000   Number         0  libinit.o ABSOLUTE
    ../clib/libinit.s                        0x00000000   Number         0  libinit2.o ABSOLUTE
    ../clib/libinit.s                        0x00000000   Number         0  libshutdown.o ABSOLUTE
    ../clib/libinit.s                        0x00000000   Number         0  libshutdown2.o ABSOLUTE
    ../clib/longlong.s                       0x00000000   Number         0  llushr.o ABSOLUTE
    ../clib/memcpset.s                       0x00000000   Number         0  rt_memclr.o ABSOLUTE
    ../clib/memcpset.s                       0x00000000   Number         0  rt_memclr_w.o ABSOLUTE
    ../clib/signal.c                         0x00000000   Number         0  defsig_stak_inner.o ABSOLUTE
    ../clib/signal.c                         0x00000000   Number         0  defsig_rtred_inner.o ABSOLUTE
    ../clib/signal.c                         0x00000000   Number         0  defsig_abrt_inner.o ABSOLUTE
    ../clib/signal.c                         0x00000000   Number         0  defsig_general.o ABSOLUTE
    ../clib/signal.c                         0x00000000   Number         0  defsig_fpe_inner.o ABSOLUTE
    ../clib/signal.c                         0x00000000   Number         0  __raise.o ABSOLUTE
    ../clib/signal.c                         0x00000000   Number         0  defsig_rtmem_inner.o ABSOLUTE
    ../clib/signal.c                         0x00000000   Number         0  defsig_exit.o ABSOLUTE
    ../clib/signal.c                         0x00000000   Number         0  defsig_rtmem_formal.o ABSOLUTE
    ../clib/signal.c                         0x00000000   Number         0  defsig_rtmem_outer.o ABSOLUTE
    ../clib/signal.c                         0x00000000   Number         0  defsig_other.o ABSOLUTE
    ../clib/signal.c                         0x00000000   Number         0  defsig_segv_inner.o ABSOLUTE
    ../clib/signal.c                         0x00000000   Number         0  defsig_cppl_inner.o ABSOLUTE
    ../clib/signal.c                         0x00000000   Number         0  defsig_pvfn_inner.o ABSOLUTE
    ../clib/signal.s                         0x00000000   Number         0  defsig.o ABSOLUTE
    ../clib/stdlib.c                         0x00000000   Number         0  exit.o ABSOLUTE
    ../clib/string.c                         0x00000000   Number         0  strlen.o ABSOLUTE
    ../clib/string.c                         0x00000000   Number         0  strcpy.o ABSOLUTE
    ../fplib/fpinit.s                        0x00000000   Number         0  fpinit.o ABSOLUTE
    Drivers\CMSIS\system_stm32f10x.c         0x00000000   Number         0  system_stm32f10x.o ABSOLUTE
    Drivers\STM32F1xx_HAL_Driver\Src\stm32f1xx_hal.c 0x00000000   Number         0  stm32f1xx_hal.o ABSOLUTE
    Drivers\STM32F1xx_HAL_Driver\Src\stm32f1xx_hal_cortex.c 0x00000000   Number         0  stm32f1xx_hal_cortex.o ABSOLUTE
    Drivers\STM32F1xx_HAL_Driver\Src\stm32f1xx_hal_dma.c 0x00000000   Number         0  stm32f1xx_hal_dma.o ABSOLUTE
    Drivers\STM32F1xx_HAL_Driver\Src\stm32f1xx_hal_exti.c 0x00000000   Number         0  stm32f1xx_hal_exti.o ABSOLUTE
    Drivers\STM32F1xx_HAL_Driver\Src\stm32f1xx_hal_flash.c 0x00000000   Number         0  stm32f1xx_hal_flash.o ABSOLUTE
    Drivers\STM32F1xx_HAL_Driver\Src\stm32f1xx_hal_flash_ex.c 0x00000000   Number         0  stm32f1xx_hal_flash_ex.o ABSOLUTE
    Drivers\STM32F1xx_HAL_Driver\Src\stm32f1xx_hal_gpio.c 0x00000000   Number         0  stm32f1xx_hal_gpio.o ABSOLUTE
    Drivers\STM32F1xx_HAL_Driver\Src\stm32f1xx_hal_gpio_ex.c 0x00000000   Number         0  stm32f1xx_hal_gpio_ex.o ABSOLUTE
    Drivers\STM32F1xx_HAL_Driver\Src\stm32f1xx_hal_i2c.c 0x00000000   Number         0  stm32f1xx_hal_i2c.o ABSOLUTE
    Drivers\STM32F1xx_HAL_Driver\Src\stm32f1xx_hal_pwr.c 0x00000000   Number         0  stm32f1xx_hal_pwr.o ABSOLUTE
    Drivers\STM32F1xx_HAL_Driver\Src\stm32f1xx_hal_rcc.c 0x00000000   Number         0  stm32f1xx_hal_rcc.o ABSOLUTE
    Drivers\STM32F1xx_HAL_Driver\Src\stm32f1xx_hal_rcc_ex.c 0x00000000   Number         0  stm32f1xx_hal_rcc_ex.o ABSOLUTE
    Drivers\STM32F1xx_HAL_Driver\Src\stm32f1xx_hal_tim.c 0x00000000   Number         0  stm32f1xx_hal_tim.o ABSOLUTE
    Drivers\STM32F1xx_HAL_Driver\Src\stm32f1xx_hal_tim_ex.c 0x00000000   Number         0  stm32f1xx_hal_tim_ex.o ABSOLUTE
    Drivers\STM32F1xx_HAL_Driver\Src\stm32f1xx_hal_uart.c 0x00000000   Number         0  stm32f1xx_hal_uart.o ABSOLUTE
    Drivers\\CMSIS\\system_stm32f10x.c       0x00000000   Number         0  system_stm32f10x.o ABSOLUTE
    Drivers\\STM32F1xx_HAL_Driver\\Src\\stm32f1xx_hal.c 0x00000000   Number         0  stm32f1xx_hal.o ABSOLUTE
    Drivers\\STM32F1xx_HAL_Driver\\Src\\stm32f1xx_hal_cortex.c 0x00000000   Number         0  stm32f1xx_hal_cortex.o ABSOLUTE
    Drivers\\STM32F1xx_HAL_Driver\\Src\\stm32f1xx_hal_dma.c 0x00000000   Number         0  stm32f1xx_hal_dma.o ABSOLUTE
    Drivers\\STM32F1xx_HAL_Driver\\Src\\stm32f1xx_hal_exti.c 0x00000000   Number         0  stm32f1xx_hal_exti.o ABSOLUTE
    Drivers\\STM32F1xx_HAL_Driver\\Src\\stm32f1xx_hal_flash.c 0x00000000   Number         0  stm32f1xx_hal_flash.o ABSOLUTE
    Drivers\\STM32F1xx_HAL_Driver\\Src\\stm32f1xx_hal_flash_ex.c 0x00000000   Number         0  stm32f1xx_hal_flash_ex.o ABSOLUTE
    Drivers\\STM32F1xx_HAL_Driver\\Src\\stm32f1xx_hal_gpio.c 0x00000000   Number         0  stm32f1xx_hal_gpio.o ABSOLUTE
    Drivers\\STM32F1xx_HAL_Driver\\Src\\stm32f1xx_hal_gpio_ex.c 0x00000000   Number         0  stm32f1xx_hal_gpio_ex.o ABSOLUTE
    Drivers\\STM32F1xx_HAL_Driver\\Src\\stm32f1xx_hal_i2c.c 0x00000000   Number         0  stm32f1xx_hal_i2c.o ABSOLUTE
    Drivers\\STM32F1xx_HAL_Driver\\Src\\stm32f1xx_hal_pwr.c 0x00000000   Number         0  stm32f1xx_hal_pwr.o ABSOLUTE
    Drivers\\STM32F1xx_HAL_Driver\\Src\\stm32f1xx_hal_rcc.c 0x00000000   Number         0  stm32f1xx_hal_rcc.o ABSOLUTE
    Drivers\\STM32F1xx_HAL_Driver\\Src\\stm32f1xx_hal_rcc_ex.c 0x00000000   Number         0  stm32f1xx_hal_rcc_ex.o ABSOLUTE
    Drivers\\STM32F1xx_HAL_Driver\\Src\\stm32f1xx_hal_tim.c 0x00000000   Number         0  stm32f1xx_hal_tim.o ABSOLUTE
    Drivers\\STM32F1xx_HAL_Driver\\Src\\stm32f1xx_hal_tim_ex.c 0x00000000   Number         0  stm32f1xx_hal_tim_ex.o ABSOLUTE
    Drivers\\STM32F1xx_HAL_Driver\\Src\\stm32f1xx_hal_uart.c 0x00000000   Number         0  stm32f1xx_hal_uart.o ABSOLUTE
    Src\\delay.c                             0x00000000   Number         0  delay.o ABSOLUTE
    Src\\i2c_lcd.c                           0x00000000   Number         0  i2c_lcd.o ABSOLUTE
    Src\\lcd.c                               0x00000000   Number         0  lcd.o ABSOLUTE
    Src\\led.c                               0x00000000   Number         0  led.o ABSOLUTE
    Src\\main.c                              0x00000000   Number         0  main.o ABSOLUTE
    Src\\stm32f1xx_hal_msp.c                 0x00000000   Number         0  stm32f1xx_hal_msp.o ABSOLUTE
    Src\\stm32f1xx_it.c                      0x00000000   Number         0  stm32f1xx_it.o ABSOLUTE
    Src\delay.c                              0x00000000   Number         0  delay.o ABSOLUTE
    Src\i2c_lcd.c                            0x00000000   Number         0  i2c_lcd.o ABSOLUTE
    Src\lcd.c                                0x00000000   Number         0  lcd.o ABSOLUTE
    Src\led.c                                0x00000000   Number         0  led.o ABSOLUTE
    Src\main.c                               0x00000000   Number         0  main.o ABSOLUTE
    Src\stm32f1xx_hal_msp.c                  0x00000000   Number         0  stm32f1xx_hal_msp.o ABSOLUTE
    Src\stm32f1xx_it.c                       0x00000000   Number         0  stm32f1xx_it.o ABSOLUTE
    dc.s                                     0x00000000   Number         0  dc.o ABSOLUTE
    startup_stm32f103xb.s                    0x00000000   Number         0  startup_stm32f103xb.o ABSOLUTE
    RESET                                    0x08000000   Section      236  startup_stm32f103xb.o(RESET)
    !!!main                                  0x080000ec   Section        8  __main.o(!!!main)
    !!!scatter                               0x080000f4   Section       52  __scatter.o(!!!scatter)
    !!handler_copy                           0x08000128   Section       26  __scatter_copy.o(!!handler_copy)
    !!handler_zi                             0x08000144   Section       28  __scatter_zi.o(!!handler_zi)
    .ARM.Collect$$libinit$$00000000          0x08000160   Section        2  libinit.o(.ARM.Collect$$libinit$$00000000)
    .ARM.Collect$$libinit$$00000002          0x08000162   Section        0  libinit2.o(.ARM.Collect$$libinit$$00000002)
    .ARM.Collect$$libinit$$00000008          0x08000162   Section        0  libinit2.o(.ARM.Collect$$libinit$$00000008)
    .ARM.Collect$$libinit$$0000000A          0x08000162   Section        0  libinit2.o(.ARM.Collect$$libinit$$0000000A)
    .ARM.Collect$$libinit$$0000000C          0x08000162   Section        0  libinit2.o(.ARM.Collect$$libinit$$0000000C)
    .ARM.Collect$$libinit$$0000000F          0x08000162   Section        0  libinit2.o(.ARM.Collect$$libinit$$0000000F)
    .ARM.Collect$$libinit$$00000011          0x08000162   Section        0  libinit2.o(.ARM.Collect$$libinit$$00000011)
    .ARM.Collect$$libinit$$00000013          0x08000162   Section        0  libinit2.o(.ARM.Collect$$libinit$$00000013)
    .ARM.Collect$$libinit$$00000015          0x08000162   Section        0  libinit2.o(.ARM.Collect$$libinit$$00000015)
    .ARM.Collect$$libinit$$00000017          0x08000162   Section        0  libinit2.o(.ARM.Collect$$libinit$$00000017)
    .ARM.Collect$$libinit$$00000019          0x08000162   Section        0  libinit2.o(.ARM.Collect$$libinit$$00000019)
    .ARM.Collect$$libinit$$0000001B          0x08000162   Section        0  libinit2.o(.ARM.Collect$$libinit$$0000001B)
    .ARM.Collect$$libinit$$0000001D          0x08000162   Section        0  libinit2.o(.ARM.Collect$$libinit$$0000001D)
    .ARM.Collect$$libinit$$0000001F          0x08000162   Section        0  libinit2.o(.ARM.Collect$$libinit$$0000001F)
    .ARM.Collect$$libinit$$00000021          0x08000162   Section        0  libinit2.o(.ARM.Collect$$libinit$$00000021)
    .ARM.Collect$$libinit$$00000023          0x08000162   Section        0  libinit2.o(.ARM.Collect$$libinit$$00000023)
    .ARM.Collect$$libinit$$0000002A          0x08000162   Section        0  libinit2.o(.ARM.Collect$$libinit$$0000002A)
    .ARM.Collect$$libinit$$0000002C          0x08000162   Section        0  libinit2.o(.ARM.Collect$$libinit$$0000002C)
    .ARM.Collect$$libinit$$0000002E          0x08000162   Section        0  libinit2.o(.ARM.Collect$$libinit$$0000002E)
    .ARM.Collect$$libinit$$00000030          0x08000162   Section        0  libinit2.o(.ARM.Collect$$libinit$$00000030)
    .ARM.Collect$$libinit$$00000031          0x08000162   Section        2  libinit2.o(.ARM.Collect$$libinit$$00000031)
    .ARM.Collect$$libshutdown$$00000000      0x08000164   Section        2  libshutdown.o(.ARM.Collect$$libshutdown$$00000000)
    .ARM.Collect$$libshutdown$$00000003      0x08000166   Section        0  libshutdown2.o(.ARM.Collect$$libshutdown$$00000003)
    .ARM.Collect$$libshutdown$$00000006      0x08000166   Section        0  libshutdown2.o(.ARM.Collect$$libshutdown$$00000006)
    .ARM.Collect$$libshutdown$$00000009      0x08000166   Section        0  libshutdown2.o(.ARM.Collect$$libshutdown$$00000009)
    .ARM.Collect$$libshutdown$$0000000B      0x08000166   Section        0  libshutdown2.o(.ARM.Collect$$libshutdown$$0000000B)
    .ARM.Collect$$libshutdown$$0000000E      0x08000166   Section        0  libshutdown2.o(.ARM.Collect$$libshutdown$$0000000E)
    .ARM.Collect$$libshutdown$$0000000F      0x08000166   Section        2  libshutdown2.o(.ARM.Collect$$libshutdown$$0000000F)
    .ARM.Collect$$rtentry$$00000000          0x08000168   Section        0  rtentry.o(.ARM.Collect$$rtentry$$00000000)
    .ARM.Collect$$rtentry$$00000002          0x08000168   Section        0  rtentry2.o(.ARM.Collect$$rtentry$$00000002)
    .ARM.Collect$$rtentry$$00000004          0x08000168   Section        6  rtentry4.o(.ARM.Collect$$rtentry$$00000004)
    .ARM.Collect$$rtentry$$00000009          0x0800016e   Section        0  rtentry2.o(.ARM.Collect$$rtentry$$00000009)
    .ARM.Collect$$rtentry$$0000000A          0x0800016e   Section        4  rtentry2.o(.ARM.Collect$$rtentry$$0000000A)
    .ARM.Collect$$rtentry$$0000000C          0x08000172   Section        0  rtentry2.o(.ARM.Collect$$rtentry$$0000000C)
    .ARM.Collect$$rtentry$$0000000D          0x08000172   Section        8  rtentry2.o(.ARM.Collect$$rtentry$$0000000D)
    .ARM.Collect$$rtexit$$00000000           0x0800017a   Section        2  rtexit.o(.ARM.Collect$$rtexit$$00000000)
    .ARM.Collect$$rtexit$$00000002           0x0800017c   Section        0  rtexit2.o(.ARM.Collect$$rtexit$$00000002)
    .ARM.Collect$$rtexit$$00000003           0x0800017c   Section        4  rtexit2.o(.ARM.Collect$$rtexit$$00000003)
    .ARM.Collect$$rtexit$$00000004           0x08000180   Section        6  rtexit2.o(.ARM.Collect$$rtexit$$00000004)
    .text                                    0x08000188   Section       64  startup_stm32f103xb.o(.text)
    .text                                    0x080001c8   Section        0  system_stm32f10x.o(.text)
    SetSysClockTo72                          0x080001c9   Thumb Code   192  system_stm32f10x.o(.text)
    SetSysClock                              0x08000289   Thumb Code     8  system_stm32f10x.o(.text)
    .text                                    0x08000390   Section        0  stm32f1xx_hal_msp.o(.text)
    .text                                    0x08000498   Section        0  stm32f1xx_it.o(.text)
    .text                                    0x080004bc   Section        0  delay.o(.text)
    .text                                    0x080006d8   Section        0  main.o(.text)
    MX_TIM1_Init                             0x0800078d   Thumb Code   120  main.o(.text)
    MX_GPIO_Init                             0x08000805   Thumb Code   100  main.o(.text)
    MX_I2C1_Init                             0x08000955   Thumb Code    52  main.o(.text)
    .text                                    0x08000a20   Section        0  stm32f1xx_hal.o(.text)
    .text                                    0x08000bd4   Section        0  stm32f1xx_hal_cortex.o(.text)
    NVIC_SetPriority                         0x08000bd5   Thumb Code    32  stm32f1xx_hal_cortex.o(.text)
    NVIC_GetPriorityGrouping                 0x08000e79   Thumb Code    12  stm32f1xx_hal_cortex.o(.text)
    .text                                    0x08000e98   Section        0  stm32f1xx_hal_dma.o(.text)
    DMA_SetConfig                            0x08000f61   Thumb Code    44  stm32f1xx_hal_dma.o(.text)
    .text                                    0x08001698   Section        0  stm32f1xx_hal_gpio.o(.text)
    .text                                    0x08001b30   Section        0  stm32f1xx_hal_i2c.o(.text)
    I2C_IsAcknowledgeFailed                  0x08001cdb   Thumb Code    52  stm32f1xx_hal_i2c.o(.text)
    I2C_WaitOnBTFFlagUntilTimeout            0x08001d0f   Thumb Code    86  stm32f1xx_hal_i2c.o(.text)
    I2C_WaitOnTXEFlagUntilTimeout            0x08001d65   Thumb Code    86  stm32f1xx_hal_i2c.o(.text)
    I2C_WaitOnMasterAddressFlagUntilTimeout  0x08001dbb   Thumb Code   172  stm32f1xx_hal_i2c.o(.text)
    I2C_WaitOnFlagUntilTimeout               0x08001e67   Thumb Code   124  stm32f1xx_hal_i2c.o(.text)
    I2C_MasterRequestWrite                   0x08001ee3   Thumb Code   204  stm32f1xx_hal_i2c.o(.text)
    I2C_WaitOnRXNEFlagUntilTimeout           0x08002135   Thumb Code   110  stm32f1xx_hal_i2c.o(.text)
    I2C_MasterRequestRead                    0x080021a3   Thumb Code   292  stm32f1xx_hal_i2c.o(.text)
    I2C_WaitOnSTOPFlagUntilTimeout           0x08002779   Thumb Code    82  stm32f1xx_hal_i2c.o(.text)
    I2C_DMAError                             0x080030bd   Thumb Code    50  stm32f1xx_hal_i2c.o(.text)
    I2C_DMAXferCplt                          0x080030f3   Thumb Code   176  stm32f1xx_hal_i2c.o(.text)
    I2C_DMAAbort                             0x0800345b   Thumb Code   104  stm32f1xx_hal_i2c.o(.text)
    I2C_ITError                              0x080034c3   Thumb Code   380  stm32f1xx_hal_i2c.o(.text)
    I2C_RequestMemoryWrite                   0x080038df   Thumb Code   210  stm32f1xx_hal_i2c.o(.text)
    I2C_RequestMemoryRead                    0x08003b4b   Thumb Code   332  stm32f1xx_hal_i2c.o(.text)
    I2C_SlaveReceive_BTF                     0x080046c5   Thumb Code    30  stm32f1xx_hal_i2c.o(.text)
    I2C_SlaveReceive_RXNE                    0x080046e5   Thumb Code    72  stm32f1xx_hal_i2c.o(.text)
    I2C_SlaveTransmit_BTF                    0x0800472d   Thumb Code    28  stm32f1xx_hal_i2c.o(.text)
    I2C_SlaveTransmit_TXE                    0x0800474b   Thumb Code    70  stm32f1xx_hal_i2c.o(.text)
    I2C_Slave_STOPF                          0x08004791   Thumb Code   264  stm32f1xx_hal_i2c.o(.text)
    I2C_Slave_ADDR                           0x0800489b   Thumb Code    54  stm32f1xx_hal_i2c.o(.text)
    I2C_MasterReceive_BTF                    0x080048d1   Thumb Code   258  stm32f1xx_hal_i2c.o(.text)
    I2C_MasterReceive_RXNE                   0x080049d3   Thumb Code   234  stm32f1xx_hal_i2c.o(.text)
    I2C_MasterTransmit_BTF                   0x08004ac1   Thumb Code   160  stm32f1xx_hal_i2c.o(.text)
    I2C_MasterTransmit_TXE                   0x08004b61   Thumb Code   330  stm32f1xx_hal_i2c.o(.text)
    I2C_Master_ADDR                          0x08004cab   Thumb Code   516  stm32f1xx_hal_i2c.o(.text)
    I2C_Master_ADD10                         0x08004eaf   Thumb Code    14  stm32f1xx_hal_i2c.o(.text)
    I2C_Master_SB                            0x08004ebd   Thumb Code   130  stm32f1xx_hal_i2c.o(.text)
    I2C_Slave_AF                             0x080050a7   Thumb Code   158  stm32f1xx_hal_i2c.o(.text)
    .text                                    0x08005254   Section        0  stm32f1xx_hal_rcc.o(.text)
    RCC_Delay                                0x0800534b   Thumb Code    32  stm32f1xx_hal_rcc.o(.text)
    .text                                    0x08005b7c   Section        0  stm32f1xx_hal_tim.o(.text)
    TIM_DMAPeriodElapsedCplt                 0x08005d25   Thumb Code    20  stm32f1xx_hal_tim.o(.text)
    TIM_OC4_SetConfig                        0x08007343   Thumb Code    74  stm32f1xx_hal_tim.o(.text)
    TIM_OC3_SetConfig                        0x0800738d   Thumb Code   112  stm32f1xx_hal_tim.o(.text)
    TIM_OC1_SetConfig                        0x08007467   Thumb Code    96  stm32f1xx_hal_tim.o(.text)
    TIM_TI4_SetConfig                        0x0800753b   Thumb Code    64  stm32f1xx_hal_tim.o(.text)
    TIM_TI3_SetConfig                        0x0800757b   Thumb Code    60  stm32f1xx_hal_tim.o(.text)
    TIM_TI2_SetConfig                        0x080075b7   Thumb Code    62  stm32f1xx_hal_tim.o(.text)
    TIM_DMATriggerCplt                       0x08007967   Thumb Code    20  stm32f1xx_hal_tim.o(.text)
    TIM_ETR_SetConfig                        0x08007d8d   Thumb Code    24  stm32f1xx_hal_tim.o(.text)
    TIM_ITRx_SetConfig                       0x08007eb5   Thumb Code    20  stm32f1xx_hal_tim.o(.text)
    TIM_TI1_ConfigInputStage                 0x08007ec9   Thumb Code    42  stm32f1xx_hal_tim.o(.text)
    TIM_TI2_ConfigInputStage                 0x08007ef3   Thumb Code    44  stm32f1xx_hal_tim.o(.text)
    TIM_SlaveTimer_SetConfig                 0x08008069   Thumb Code   162  stm32f1xx_hal_tim.o(.text)
    .text                                    0x0800823c   Section        0  stm32f1xx_hal_tim_ex.o(.text)
    TIM_CCxNChannelCmd                       0x080084c7   Thumb Code    28  stm32f1xx_hal_tim_ex.o(.text)
    .text                                    0x08008efc   Section        0  lcd.o(.text)
    command_mode                             0x08008f39   Thumb Code    14  lcd.o(.text)
    data_mode                                0x08008f47   Thumb Code    14  lcd.o(.text)
    lcd_e_pulse                              0x08008f55   Thumb Code    36  lcd.o(.text)
    .text                                    0x080091c0   Section        0  heapauxi.o(.text)
    .text                                    0x080091c6   Section       74  sys_stackheap_outer.o(.text)
    .text                                    0x08009210   Section        0  exit.o(.text)
    .text                                    0x0800921c   Section        8  libspace.o(.text)
    .text                                    0x08009224   Section        0  sys_exit.o(.text)
    .text                                    0x08009230   Section        2  use_no_semi.o(.text)
    .text                                    0x08009232   Section        0  indicate_semi.o(.text)
    .data                                    0x20000000   Section       28  system_stm32f10x.o(.data)
    .data                                    0x2000001c   Section        4  delay.o(.data)
    uiTimeInUs                               0x2000001c   Data           4  delay.o(.data)
    .data                                    0x20000020   Section       12  stm32f1xx_hal.o(.data)
    .bss                                     0x2000002c   Section      148  main.o(.bss)
    .bss                                     0x200000c0   Section       96  libspace.o(.bss)
    HEAP                                     0x20000120   Section      512  startup_stm32f103xb.o(HEAP)
    Heap_Mem                                 0x20000120   Data         512  startup_stm32f103xb.o(HEAP)
    STACK                                    0x20000320   Section     1024  startup_stm32f103xb.o(STACK)
    Stack_Mem                                0x20000320   Data        1024  startup_stm32f103xb.o(STACK)
    __initial_sp                             0x20000720   Data           0  startup_stm32f103xb.o(STACK)

    Global Symbols

    Symbol Name                              Value     Ov Type        Size  Object(Section)

    BuildAttributes$$THM_ISAv4$P$D$K$B$S$PE$A:L22UL41UL21$X:L11$S22US41US21$IEEE1$IW$USESV6$~STKCKD$USESV7$~SHL$OSPACE$ROPI$EBA8$UX$STANDARDLIB$REQ8$PRES8$EABIv2 0x00000000   Number         0  anon$$obj.o ABSOLUTE
    __ARM_use_no_argv                        0x00000000   Number         0  main.o ABSOLUTE
    __ARM_exceptions_init                     - Undefined Weak Reference
    __alloca_initialize                       - Undefined Weak Reference
    __cpp_initialize__aeabi_                  - Undefined Weak Reference
    __cxa_finalize                            - Undefined Weak Reference
    __rt_locale                               - Undefined Weak Reference
    __sigvec_lookup                           - Undefined Weak Reference
    _atexit_init                              - Undefined Weak Reference
    _call_atexit_fns                          - Undefined Weak Reference
    _clock_init                               - Undefined Weak Reference
    _fp_trap_init                             - Undefined Weak Reference
    _fp_trap_shutdown                         - Undefined Weak Reference
    _get_lc_collate                           - Undefined Weak Reference
    _get_lc_ctype                             - Undefined Weak Reference
    _get_lc_monetary                          - Undefined Weak Reference
    _get_lc_numeric                           - Undefined Weak Reference
    _get_lc_time                              - Undefined Weak Reference
    _getenv_init                              - Undefined Weak Reference
    _handle_redirection                       - Undefined Weak Reference
    _init_alloc                               - Undefined Weak Reference
    _init_user_alloc                          - Undefined Weak Reference
    _initio                                   - Undefined Weak Reference
    _rand_init                                - Undefined Weak Reference
    _signal_finish                            - Undefined Weak Reference
    _signal_init                              - Undefined Weak Reference
    _terminate_alloc                          - Undefined Weak Reference
    _terminate_user_alloc                     - Undefined Weak Reference
    _terminateio                              - Undefined Weak Reference
    __Vectors_Size                           0x000000ec   Number         0  startup_stm32f103xb.o ABSOLUTE
    __Vectors                                0x08000000   Data           4  startup_stm32f103xb.o(RESET)
    __Vectors_End                            0x080000ec   Data           0  startup_stm32f103xb.o(RESET)
    __main                                   0x080000ed   Thumb Code     8  __main.o(!!!main)
    __scatterload                            0x080000f5   Thumb Code     0  __scatter.o(!!!scatter)
    __scatterload_rt2                        0x080000f5   Thumb Code    44  __scatter.o(!!!scatter)
    __scatterload_rt2_thumb_only             0x080000f5   Thumb Code     0  __scatter.o(!!!scatter)
    __scatterload_null                       0x08000103   Thumb Code     0  __scatter.o(!!!scatter)
    __scatterload_copy                       0x08000129   Thumb Code    26  __scatter_copy.o(!!handler_copy)
    __scatterload_zeroinit                   0x08000145   Thumb Code    28  __scatter_zi.o(!!handler_zi)
    __rt_lib_init                            0x08000161   Thumb Code     0  libinit.o(.ARM.Collect$$libinit$$00000000)
    __rt_lib_init_alloca_1                   0x08000163   Thumb Code     0  libinit2.o(.ARM.Collect$$libinit$$0000002C)
    __rt_lib_init_argv_1                     0x08000163   Thumb Code     0  libinit2.o(.ARM.Collect$$libinit$$0000002A)
    __rt_lib_init_atexit_1                   0x08000163   Thumb Code     0  libinit2.o(.ARM.Collect$$libinit$$00000019)
    __rt_lib_init_clock_1                    0x08000163   Thumb Code     0  libinit2.o(.ARM.Collect$$libinit$$0000001F)
    __rt_lib_init_cpp_1                      0x08000163   Thumb Code     0  libinit2.o(.ARM.Collect$$libinit$$00000030)
    __rt_lib_init_exceptions_1               0x08000163   Thumb Code     0  libinit2.o(.ARM.Collect$$libinit$$0000002E)
    __rt_lib_init_fp_1                       0x08000163   Thumb Code     0  libinit2.o(.ARM.Collect$$libinit$$00000002)
    __rt_lib_init_fp_trap_1                  0x08000163   Thumb Code     0  libinit2.o(.ARM.Collect$$libinit$$0000001D)
    __rt_lib_init_getenv_1                   0x08000163   Thumb Code     0  libinit2.o(.ARM.Collect$$libinit$$00000021)
    __rt_lib_init_heap_1                     0x08000163   Thumb Code     0  libinit2.o(.ARM.Collect$$libinit$$00000008)
    __rt_lib_init_lc_collate_1               0x08000163   Thumb Code     0  libinit2.o(.ARM.Collect$$libinit$$0000000F)
    __rt_lib_init_lc_ctype_1                 0x08000163   Thumb Code     0  libinit2.o(.ARM.Collect$$libinit$$00000011)
    __rt_lib_init_lc_monetary_1              0x08000163   Thumb Code     0  libinit2.o(.ARM.Collect$$libinit$$00000013)
    __rt_lib_init_lc_numeric_1               0x08000163   Thumb Code     0  libinit2.o(.ARM.Collect$$libinit$$00000015)
    __rt_lib_init_lc_time_1                  0x08000163   Thumb Code     0  libinit2.o(.ARM.Collect$$libinit$$00000017)
    __rt_lib_init_rand_1                     0x08000163   Thumb Code     0  libinit2.o(.ARM.Collect$$libinit$$0000000C)
    __rt_lib_init_return                     0x08000163   Thumb Code     0  libinit2.o(.ARM.Collect$$libinit$$00000031)
    __rt_lib_init_signal_1                   0x08000163   Thumb Code     0  libinit2.o(.ARM.Collect$$libinit$$0000001B)
    __rt_lib_init_stdio_1                    0x08000163   Thumb Code     0  libinit2.o(.ARM.Collect$$libinit$$00000023)
    __rt_lib_init_user_alloc_1               0x08000163   Thumb Code     0  libinit2.o(.ARM.Collect$$libinit$$0000000A)
    __rt_lib_shutdown                        0x08000165   Thumb Code     0  libshutdown.o(.ARM.Collect$$libshutdown$$00000000)
    __rt_lib_shutdown_fp_trap_1              0x08000167   Thumb Code     0  libshutdown2.o(.ARM.Collect$$libshutdown$$00000006)
    __rt_lib_shutdown_heap_1                 0x08000167   Thumb Code     0  libshutdown2.o(.ARM.Collect$$libshutdown$$0000000E)
    __rt_lib_shutdown_return                 0x08000167   Thumb Code     0  libshutdown2.o(.ARM.Collect$$libshutdown$$0000000F)
    __rt_lib_shutdown_signal_1               0x08000167   Thumb Code     0  libshutdown2.o(.ARM.Collect$$libshutdown$$00000009)
    __rt_lib_shutdown_stdio_1                0x08000167   Thumb Code     0  libshutdown2.o(.ARM.Collect$$libshutdown$$00000003)
    __rt_lib_shutdown_user_alloc_1           0x08000167   Thumb Code     0  libshutdown2.o(.ARM.Collect$$libshutdown$$0000000B)
    __rt_entry                               0x08000169   Thumb Code     0  rtentry.o(.ARM.Collect$$rtentry$$00000000)
    __rt_entry_presh_1                       0x08000169   Thumb Code     0  rtentry2.o(.ARM.Collect$$rtentry$$00000002)
    __rt_entry_sh                            0x08000169   Thumb Code     0  rtentry4.o(.ARM.Collect$$rtentry$$00000004)
    __rt_entry_li                            0x0800016f   Thumb Code     0  rtentry2.o(.ARM.Collect$$rtentry$$0000000A)
    __rt_entry_postsh_1                      0x0800016f   Thumb Code     0  rtentry2.o(.ARM.Collect$$rtentry$$00000009)
    __rt_entry_main                          0x08000173   Thumb Code     0  rtentry2.o(.ARM.Collect$$rtentry$$0000000D)
    __rt_entry_postli_1                      0x08000173   Thumb Code     0  rtentry2.o(.ARM.Collect$$rtentry$$0000000C)
    __rt_exit                                0x0800017b   Thumb Code     0  rtexit.o(.ARM.Collect$$rtexit$$00000000)
    __rt_exit_ls                             0x0800017d   Thumb Code     0  rtexit2.o(.ARM.Collect$$rtexit$$00000003)
    __rt_exit_prels_1                        0x0800017d   Thumb Code     0  rtexit2.o(.ARM.Collect$$rtexit$$00000002)
    __rt_exit_exit                           0x08000181   Thumb Code     0  rtexit2.o(.ARM.Collect$$rtexit$$00000004)
    Reset_Handler                            0x08000189   Thumb Code     8  startup_stm32f103xb.o(.text)
    ADC1_2_IRQHandler                        0x080001a3   Thumb Code     0  startup_stm32f103xb.o(.text)
    CAN1_RX1_IRQHandler                      0x080001a3   Thumb Code     0  startup_stm32f103xb.o(.text)
    CAN1_SCE_IRQHandler                      0x080001a3   Thumb Code     0  startup_stm32f103xb.o(.text)
    DMA1_Channel1_IRQHandler                 0x080001a3   Thumb Code     0  startup_stm32f103xb.o(.text)
    DMA1_Channel2_IRQHandler                 0x080001a3   Thumb Code     0  startup_stm32f103xb.o(.text)
    DMA1_Channel3_IRQHandler                 0x080001a3   Thumb Code     0  startup_stm32f103xb.o(.text)
    DMA1_Channel4_IRQHandler                 0x080001a3   Thumb Code     0  startup_stm32f103xb.o(.text)
    DMA1_Channel5_IRQHandler                 0x080001a3   Thumb Code     0  startup_stm32f103xb.o(.text)
    DMA1_Channel6_IRQHandler                 0x080001a3   Thumb Code     0  startup_stm32f103xb.o(.text)
    DMA1_Channel7_IRQHandler                 0x080001a3   Thumb Code     0  startup_stm32f103xb.o(.text)
    EXTI0_IRQHandler                         0x080001a3   Thumb Code     0  startup_stm32f103xb.o(.text)
    EXTI15_10_IRQHandler                     0x080001a3   Thumb Code     0  startup_stm32f103xb.o(.text)
    EXTI1_IRQHandler                         0x080001a3   Thumb Code     0  startup_stm32f103xb.o(.text)
    EXTI2_IRQHandler                         0x080001a3   Thumb Code     0  startup_stm32f103xb.o(.text)
    EXTI3_IRQHandler                         0x080001a3   Thumb Code     0  startup_stm32f103xb.o(.text)
    EXTI4_IRQHandler                         0x080001a3   Thumb Code     0  startup_stm32f103xb.o(.text)
    EXTI9_5_IRQHandler                       0x080001a3   Thumb Code     0  startup_stm32f103xb.o(.text)
    FLASH_IRQHandler                         0x080001a3   Thumb Code     0  startup_stm32f103xb.o(.text)
    I2C1_ER_IRQHandler                       0x080001a3   Thumb Code     0  startup_stm32f103xb.o(.text)
    I2C1_EV_IRQHandler                       0x080001a3   Thumb Code     0  startup_stm32f103xb.o(.text)
    I2C2_ER_IRQHandler                       0x080001a3   Thumb Code     0  startup_stm32f103xb.o(.text)
    I2C2_EV_IRQHandler                       0x080001a3   Thumb Code     0  startup_stm32f103xb.o(.text)
    PVD_IRQHandler                           0x080001a3   Thumb Code     0  startup_stm32f103xb.o(.text)
    RCC_IRQHandler                           0x080001a3   Thumb Code     0  startup_stm32f103xb.o(.text)
    RTC_Alarm_IRQHandler                     0x080001a3   Thumb Code     0  startup_stm32f103xb.o(.text)
    RTC_IRQHandler                           0x080001a3   Thumb Code     0  startup_stm32f103xb.o(.text)
    SPI1_IRQHandler                          0x080001a3   Thumb Code     0  startup_stm32f103xb.o(.text)
    SPI2_IRQHandler                          0x080001a3   Thumb Code     0  startup_stm32f103xb.o(.text)
    TAMPER_IRQHandler                        0x080001a3   Thumb Code     0  startup_stm32f103xb.o(.text)
    TIM1_BRK_IRQHandler                      0x080001a3   Thumb Code     0  startup_stm32f103xb.o(.text)
    TIM1_CC_IRQHandler                       0x080001a3   Thumb Code     0  startup_stm32f103xb.o(.text)
    TIM1_TRG_COM_IRQHandler                  0x080001a3   Thumb Code     0  startup_stm32f103xb.o(.text)
    TIM1_UP_IRQHandler                       0x080001a3   Thumb Code     0  startup_stm32f103xb.o(.text)
    TIM3_IRQHandler                          0x080001a3   Thumb Code     0  startup_stm32f103xb.o(.text)
    TIM4_IRQHandler                          0x080001a3   Thumb Code     0  startup_stm32f103xb.o(.text)
    USART1_IRQHandler                        0x080001a3   Thumb Code     0  startup_stm32f103xb.o(.text)
    USART2_IRQHandler                        0x080001a3   Thumb Code     0  startup_stm32f103xb.o(.text)
    USART3_IRQHandler                        0x080001a3   Thumb Code     0  startup_stm32f103xb.o(.text)
    USBWakeUp_IRQHandler                     0x080001a3   Thumb Code     0  startup_stm32f103xb.o(.text)
    USB_HP_CAN1_TX_IRQHandler                0x080001a3   Thumb Code     0  startup_stm32f103xb.o(.text)
    USB_LP_CAN1_RX0_IRQHandler               0x080001a3   Thumb Code     0  startup_stm32f103xb.o(.text)
    WWDG_IRQHandler                          0x080001a3   Thumb Code     0  startup_stm32f103xb.o(.text)
    __user_initial_stackheap                 0x080001a5   Thumb Code     0  startup_stm32f103xb.o(.text)
    SystemInit                               0x08000291   Thumb Code    78  system_stm32f10x.o(.text)
    SystemCoreClockUpdate                    0x080002df   Thumb Code   142  system_stm32f10x.o(.text)
    HAL_MspInit                              0x08000391   Thumb Code   130  stm32f1xx_hal_msp.o(.text)
    HAL_I2C_MspInit                          0x08000413   Thumb Code    80  stm32f1xx_hal_msp.o(.text)
    HAL_I2C_MspDeInit                        0x08000463   Thumb Code    36  stm32f1xx_hal_msp.o(.text)
    NMI_Handler                              0x08000499   Thumb Code     2  stm32f1xx_it.o(.text)
    HardFault_Handler                        0x0800049b   Thumb Code     4  stm32f1xx_it.o(.text)
    MemManage_Handler                        0x0800049f   Thumb Code     4  stm32f1xx_it.o(.text)
    BusFault_Handler                         0x080004a3   Thumb Code     4  stm32f1xx_it.o(.text)
    UsageFault_Handler                       0x080004a7   Thumb Code     4  stm32f1xx_it.o(.text)
    SVC_Handler                              0x080004ab   Thumb Code     2  stm32f1xx_it.o(.text)
    DebugMon_Handler                         0x080004ad   Thumb Code     2  stm32f1xx_it.o(.text)
    PendSV_Handler                           0x080004af   Thumb Code     2  stm32f1xx_it.o(.text)
    SysTick_Handler                          0x080004b1   Thumb Code    12  stm32f1xx_it.o(.text)
    setMicrosecond                           0x080004bd   Thumb Code   108  delay.o(.text)
    setMillisecond                           0x08000529   Thumb Code   112  delay.o(.text)
    setSecond                                0x08000599   Thumb Code   100  delay.o(.text)
    TIM2_Init                                0x080005fd   Thumb Code    78  delay.o(.text)
    getUsTimer                               0x0800064b   Thumb Code     6  delay.o(.text)
    delay                                    0x08000651   Thumb Code    34  delay.o(.text)
    delayUs                                  0x08000673   Thumb Code    24  delay.o(.text)
    TIM2_IRQHandler                          0x0800068b   Thumb Code    28  delay.o(.text)
    usDelay                                  0x080006a7   Thumb Code    30  delay.o(.text)
    I2C1_Init                                0x080006d9   Thumb Code   176  main.o(.text)
    _Error_Handler                           0x08000789   Thumb Code     4  main.o(.text)
    main                                     0x08000869   Thumb Code   108  main.o(.text)
    SystemClock_Config                       0x080008d5   Thumb Code   128  main.o(.text)
    HAL_TIM_Base_MspInit                     0x08000989   Thumb Code    36  main.o(.text)
    HAL_InitTick                             0x08000a23   Thumb Code    64  stm32f1xx_hal.o(.text)
    HAL_Init                                 0x08000a63   Thumb Code    34  stm32f1xx_hal.o(.text)
    HAL_MspDeInit                            0x08000a85   Thumb Code     2  stm32f1xx_hal.o(.text)
    HAL_DeInit                               0x08000a87   Thumb Code    30  stm32f1xx_hal.o(.text)
    HAL_IncTick                              0x08000aa5   Thumb Code    16  stm32f1xx_hal.o(.text)
    HAL_GetTick                              0x08000ab5   Thumb Code     6  stm32f1xx_hal.o(.text)
    HAL_GetTickPrio                          0x08000abb   Thumb Code     6  stm32f1xx_hal.o(.text)
    HAL_SetTickFreq                          0x08000ac1   Thumb Code    32  stm32f1xx_hal.o(.text)
    HAL_GetTickFreq                          0x08000ae1   Thumb Code     6  stm32f1xx_hal.o(.text)
    HAL_Delay                                0x08000ae7   Thumb Code    36  stm32f1xx_hal.o(.text)
    HAL_SuspendTick                          0x08000b0b   Thumb Code    18  stm32f1xx_hal.o(.text)
    HAL_ResumeTick                           0x08000b1d   Thumb Code    18  stm32f1xx_hal.o(.text)
    HAL_GetHalVersion                        0x08000b2f   Thumb Code     4  stm32f1xx_hal.o(.text)
    HAL_GetREVID                             0x08000b33   Thumb Code     8  stm32f1xx_hal.o(.text)
    HAL_GetDEVID                             0x08000b3b   Thumb Code    10  stm32f1xx_hal.o(.text)
    HAL_DBGMCU_EnableDBGSleepMode            0x08000b45   Thumb Code    14  stm32f1xx_hal.o(.text)
    HAL_DBGMCU_DisableDBGSleepMode           0x08000b53   Thumb Code    14  stm32f1xx_hal.o(.text)
    HAL_DBGMCU_EnableDBGStopMode             0x08000b61   Thumb Code    14  stm32f1xx_hal.o(.text)
    HAL_DBGMCU_DisableDBGStopMode            0x08000b6f   Thumb Code    14  stm32f1xx_hal.o(.text)
    HAL_DBGMCU_EnableDBGStandbyMode          0x08000b7d   Thumb Code    14  stm32f1xx_hal.o(.text)
    HAL_DBGMCU_DisableDBGStandbyMode         0x08000b8b   Thumb Code    14  stm32f1xx_hal.o(.text)
    HAL_GetUID                               0x08000b99   Thumb Code    24  stm32f1xx_hal.o(.text)
    HAL_NVIC_SetPriorityGrouping             0x08000bf5   Thumb Code    36  stm32f1xx_hal_cortex.o(.text)
    HAL_NVIC_SetPriority                     0x08000c19   Thumb Code   124  stm32f1xx_hal_cortex.o(.text)
    HAL_NVIC_EnableIRQ                       0x08000c95   Thumb Code    28  stm32f1xx_hal_cortex.o(.text)
    HAL_NVIC_DisableIRQ                      0x08000cb1   Thumb Code    22  stm32f1xx_hal_cortex.o(.text)
    HAL_NVIC_SystemReset                     0x08000cc7   Thumb Code    64  stm32f1xx_hal_cortex.o(.text)
    HAL_SYSTICK_Config                       0x08000d07   Thumb Code    52  stm32f1xx_hal_cortex.o(.text)
    HAL_NVIC_GetPriorityGrouping             0x08000d3b   Thumb Code     8  stm32f1xx_hal_cortex.o(.text)
    HAL_NVIC_GetPriority                     0x08000d43   Thumb Code   138  stm32f1xx_hal_cortex.o(.text)
    HAL_NVIC_SetPendingIRQ                   0x08000dcd   Thumb Code    24  stm32f1xx_hal_cortex.o(.text)
    HAL_NVIC_GetPendingIRQ                   0x08000de5   Thumb Code    38  stm32f1xx_hal_cortex.o(.text)
    HAL_NVIC_ClearPendingIRQ                 0x08000e0b   Thumb Code    22  stm32f1xx_hal_cortex.o(.text)
    HAL_NVIC_GetActive                       0x08000e21   Thumb Code    38  stm32f1xx_hal_cortex.o(.text)
    HAL_SYSTICK_CLKSourceConfig              0x08000e47   Thumb Code    40  stm32f1xx_hal_cortex.o(.text)
    HAL_SYSTICK_Callback                     0x08000e6f   Thumb Code     2  stm32f1xx_hal_cortex.o(.text)
    HAL_SYSTICK_IRQHandler                   0x08000e71   Thumb Code     8  stm32f1xx_hal_cortex.o(.text)
    HAL_DMA_Init                             0x08000e99   Thumb Code   108  stm32f1xx_hal_dma.o(.text)
    HAL_DMA_DeInit                           0x08000f05   Thumb Code    92  stm32f1xx_hal_dma.o(.text)
    HAL_DMA_Start                            0x08000f8d   Thumb Code   114  stm32f1xx_hal_dma.o(.text)
    HAL_DMA_Start_IT                         0x08000fff   Thumb Code   156  stm32f1xx_hal_dma.o(.text)
    HAL_DMA_Abort                            0x0800109b   Thumb Code    58  stm32f1xx_hal_dma.o(.text)
    HAL_DMA_Abort_IT                         0x080010d5   Thumb Code   172  stm32f1xx_hal_dma.o(.text)
    HAL_DMA_PollForTransfer                  0x08001181   Thumb Code   686  stm32f1xx_hal_dma.o(.text)
    HAL_DMA_IRQHandler                       0x0800142f   Thumb Code   402  stm32f1xx_hal_dma.o(.text)
    HAL_DMA_RegisterCallback                 0x080015c1   Thumb Code    90  stm32f1xx_hal_dma.o(.text)
    HAL_DMA_UnRegisterCallback               0x0800161b   Thumb Code   112  stm32f1xx_hal_dma.o(.text)
    HAL_DMA_GetState                         0x0800168b   Thumb Code     8  stm32f1xx_hal_dma.o(.text)
    HAL_DMA_GetError                         0x08001693   Thumb Code     6  stm32f1xx_hal_dma.o(.text)
    HAL_GPIO_Init                            0x08001699   Thumb Code   760  stm32f1xx_hal_gpio.o(.text)
    HAL_GPIO_DeInit                          0x08001991   Thumb Code   286  stm32f1xx_hal_gpio.o(.text)
    HAL_GPIO_ReadPin                         0x08001aaf   Thumb Code    16  stm32f1xx_hal_gpio.o(.text)
    HAL_GPIO_WritePin                        0x08001abf   Thumb Code    12  stm32f1xx_hal_gpio.o(.text)
    HAL_GPIO_TogglePin                       0x08001acb   Thumb Code     8  stm32f1xx_hal_gpio.o(.text)
    HAL_GPIO_LockPin                         0x08001ad3   Thumb Code    32  stm32f1xx_hal_gpio.o(.text)
    HAL_GPIO_EXTI_Callback                   0x08001af3   Thumb Code     2  stm32f1xx_hal_gpio.o(.text)
    HAL_GPIO_EXTI_IRQHandler                 0x08001af5   Thumb Code    28  stm32f1xx_hal_gpio.o(.text)
    HAL_I2C_Init                             0x08001b33   Thumb Code   362  stm32f1xx_hal_i2c.o(.text)
    HAL_I2C_DeInit                           0x08001c9f   Thumb Code    60  stm32f1xx_hal_i2c.o(.text)
    HAL_I2C_Master_Transmit                  0x08001faf   Thumb Code   390  stm32f1xx_hal_i2c.o(.text)
    HAL_I2C_Master_Receive                   0x080022c7   Thumb Code   806  stm32f1xx_hal_i2c.o(.text)
    HAL_I2C_Slave_Transmit                   0x080025ed   Thumb Code   396  stm32f1xx_hal_i2c.o(.text)
    HAL_I2C_Slave_Receive                    0x080027cb   Thumb Code   402  stm32f1xx_hal_i2c.o(.text)
    HAL_I2C_Master_Transmit_IT               0x0800295d   Thumb Code   214  stm32f1xx_hal_i2c.o(.text)
    HAL_I2C_Master_Receive_IT                0x08002a33   Thumb Code   226  stm32f1xx_hal_i2c.o(.text)
    HAL_I2C_Master_Sequential_Transmit_IT    0x08002b15   Thumb Code   278  stm32f1xx_hal_i2c.o(.text)
    HAL_I2C_Master_Sequential_Receive_IT     0x08002c2b   Thumb Code   298  stm32f1xx_hal_i2c.o(.text)
    HAL_I2C_Slave_Transmit_IT                0x08002d55   Thumb Code   218  stm32f1xx_hal_i2c.o(.text)
    HAL_I2C_Slave_Receive_IT                 0x08002e2f   Thumb Code   216  stm32f1xx_hal_i2c.o(.text)
    HAL_I2C_Slave_Sequential_Transmit_IT     0x08002f07   Thumb Code   148  stm32f1xx_hal_i2c.o(.text)
    HAL_I2C_Slave_Sequential_Receive_IT      0x08002f9b   Thumb Code   148  stm32f1xx_hal_i2c.o(.text)
    HAL_I2C_EnableListen_IT                  0x0800302f   Thumb Code    70  stm32f1xx_hal_i2c.o(.text)
    HAL_I2C_DisableListen_IT                 0x08003075   Thumb Code    70  stm32f1xx_hal_i2c.o(.text)
    HAL_I2C_ErrorCallback                    0x080030bb   Thumb Code     2  stm32f1xx_hal_i2c.o(.text)
    HAL_I2C_MasterRxCpltCallback             0x080030ef   Thumb Code     2  stm32f1xx_hal_i2c.o(.text)
    HAL_I2C_MemRxCpltCallback                0x080030f1   Thumb Code     2  stm32f1xx_hal_i2c.o(.text)
    HAL_I2C_Master_Transmit_DMA              0x080031a3   Thumb Code   346  stm32f1xx_hal_i2c.o(.text)
    HAL_I2C_Master_Receive_DMA               0x080032fd   Thumb Code   346  stm32f1xx_hal_i2c.o(.text)
    HAL_I2C_ListenCpltCallback               0x08003457   Thumb Code     2  stm32f1xx_hal_i2c.o(.text)
    HAL_I2C_AbortCpltCallback                0x08003459   Thumb Code     2  stm32f1xx_hal_i2c.o(.text)
    HAL_I2C_Master_Abort_IT                  0x0800363f   Thumb Code   110  stm32f1xx_hal_i2c.o(.text)
    HAL_I2C_Slave_Transmit_DMA               0x080036ad   Thumb Code   282  stm32f1xx_hal_i2c.o(.text)
    HAL_I2C_Slave_Receive_DMA                0x080037c7   Thumb Code   280  stm32f1xx_hal_i2c.o(.text)
    HAL_I2C_Mem_Write                        0x080039b1   Thumb Code   410  stm32f1xx_hal_i2c.o(.text)
    HAL_I2C_Mem_Read                         0x08003c97   Thumb Code   814  stm32f1xx_hal_i2c.o(.text)
    HAL_I2C_Mem_Write_IT                     0x08003fc5   Thumb Code   242  stm32f1xx_hal_i2c.o(.text)
    HAL_I2C_Mem_Read_IT                      0x080040b7   Thumb Code   264  stm32f1xx_hal_i2c.o(.text)
    HAL_I2C_Mem_Write_DMA                    0x080041bf   Thumb Code   366  stm32f1xx_hal_i2c.o(.text)
    HAL_I2C_Mem_Read_DMA                     0x0800432d   Thumb Code   478  stm32f1xx_hal_i2c.o(.text)
    HAL_I2C_IsDeviceReady                    0x0800450b   Thumb Code   442  stm32f1xx_hal_i2c.o(.text)
    HAL_I2C_SlaveRxCpltCallback              0x080046e3   Thumb Code     2  stm32f1xx_hal_i2c.o(.text)
    HAL_I2C_SlaveTxCpltCallback              0x08004749   Thumb Code     2  stm32f1xx_hal_i2c.o(.text)
    HAL_I2C_AddrCallback                     0x08004899   Thumb Code     2  stm32f1xx_hal_i2c.o(.text)
    HAL_I2C_MasterTxCpltCallback             0x08004abd   Thumb Code     2  stm32f1xx_hal_i2c.o(.text)
    HAL_I2C_MemTxCpltCallback                0x08004abf   Thumb Code     2  stm32f1xx_hal_i2c.o(.text)
    HAL_I2C_EV_IRQHandler                    0x08004f3f   Thumb Code   360  stm32f1xx_hal_i2c.o(.text)
    HAL_I2C_ER_IRQHandler                    0x08005145   Thumb Code   238  stm32f1xx_hal_i2c.o(.text)
    HAL_I2C_GetState                         0x08005233   Thumb Code     8  stm32f1xx_hal_i2c.o(.text)
    HAL_I2C_GetMode                          0x0800523b   Thumb Code     8  stm32f1xx_hal_i2c.o(.text)
    HAL_I2C_GetError                         0x08005243   Thumb Code     6  stm32f1xx_hal_i2c.o(.text)
    HAL_RCC_DeInit                           0x08005255   Thumb Code   246  stm32f1xx_hal_rcc.o(.text)
    HAL_RCC_OscConfig                        0x0800536b   Thumb Code  1054  stm32f1xx_hal_rcc.o(.text)
    HAL_RCC_GetSysClockFreq                  0x08005789   Thumb Code   116  stm32f1xx_hal_rcc.o(.text)
    HAL_RCC_ClockConfig                      0x080057fd   Thumb Code   398  stm32f1xx_hal_rcc.o(.text)
    HAL_RCC_MCOConfig                        0x0800598b   Thumb Code    86  stm32f1xx_hal_rcc.o(.text)
    HAL_RCC_EnableCSS                        0x080059e1   Thumb Code     8  stm32f1xx_hal_rcc.o(.text)
    HAL_RCC_DisableCSS                       0x080059e9   Thumb Code     8  stm32f1xx_hal_rcc.o(.text)
    HAL_RCC_GetHCLKFreq                      0x080059f1   Thumb Code     6  stm32f1xx_hal_rcc.o(.text)
    HAL_RCC_GetPCLK1Freq                     0x080059f7   Thumb Code    22  stm32f1xx_hal_rcc.o(.text)
    HAL_RCC_GetPCLK2Freq                     0x08005a0d   Thumb Code    22  stm32f1xx_hal_rcc.o(.text)
    HAL_RCC_GetOscConfig                     0x08005a23   Thumb Code   252  stm32f1xx_hal_rcc.o(.text)
    HAL_RCC_GetClockConfig                   0x08005b1f   Thumb Code    58  stm32f1xx_hal_rcc.o(.text)
    HAL_RCC_CSSCallback                      0x08005b59   Thumb Code     2  stm32f1xx_hal_rcc.o(.text)
    HAL_RCC_NMI_IRQHandler                   0x08005b5b   Thumb Code    26  stm32f1xx_hal_rcc.o(.text)
    TIM_Base_SetConfig                       0x08005b7d   Thumb Code   102  stm32f1xx_hal_tim.o(.text)
    HAL_TIM_Base_Init                        0x08005be5   Thumb Code    52  stm32f1xx_hal_tim.o(.text)
    HAL_TIM_Base_MspDeInit                   0x08005c19   Thumb Code     2  stm32f1xx_hal_tim.o(.text)
    HAL_TIM_Base_DeInit                      0x08005c1b   Thumb Code    70  stm32f1xx_hal_tim.o(.text)
    HAL_TIM_Base_Start                       0x08005c61   Thumb Code    30  stm32f1xx_hal_tim.o(.text)
    HAL_TIM_Base_Stop                        0x08005c7f   Thumb Code    56  stm32f1xx_hal_tim.o(.text)
    HAL_TIM_Base_Start_IT                    0x08005cb7   Thumb Code    30  stm32f1xx_hal_tim.o(.text)
    HAL_TIM_Base_Stop_IT                     0x08005cd5   Thumb Code    56  stm32f1xx_hal_tim.o(.text)
    HAL_TIM_ErrorCallback                    0x08005d0d   Thumb Code     2  stm32f1xx_hal_tim.o(.text)
    TIM_DMAError                             0x08005d0f   Thumb Code    20  stm32f1xx_hal_tim.o(.text)
    HAL_TIM_PeriodElapsedCallback            0x08005d23   Thumb Code     2  stm32f1xx_hal_tim.o(.text)
    HAL_TIM_Base_Start_DMA                   0x08005d39   Thumb Code    96  stm32f1xx_hal_tim.o(.text)
    HAL_TIM_Base_Stop_DMA                    0x08005d99   Thumb Code    62  stm32f1xx_hal_tim.o(.text)
    HAL_TIM_OC_MspInit                       0x08005dd7   Thumb Code     2  stm32f1xx_hal_tim.o(.text)
    HAL_TIM_OC_Init                          0x08005dd9   Thumb Code    52  stm32f1xx_hal_tim.o(.text)
    HAL_TIM_OC_MspDeInit                     0x08005e0d   Thumb Code     2  stm32f1xx_hal_tim.o(.text)
    HAL_TIM_OC_DeInit                        0x08005e0f   Thumb Code    70  stm32f1xx_hal_tim.o(.text)
    TIM_CCxChannelCmd                        0x08005e55   Thumb Code    28  stm32f1xx_hal_tim.o(.text)
    HAL_TIM_OC_Start                         0x08005e71   Thumb Code    60  stm32f1xx_hal_tim.o(.text)
    HAL_TIM_OC_Stop                          0x08005ead   Thumb Code   112  stm32f1xx_hal_tim.o(.text)
    HAL_TIM_OC_Start_IT                      0x08005f1d   Thumb Code   154  stm32f1xx_hal_tim.o(.text)
    HAL_TIM_OC_Stop_IT                       0x08005fb7   Thumb Code   188  stm32f1xx_hal_tim.o(.text)
    HAL_TIM_PWM_PulseFinishedCallback        0x08006073   Thumb Code     2  stm32f1xx_hal_tim.o(.text)
    TIM_DMADelayPulseCplt                    0x08006075   Thumb Code    70  stm32f1xx_hal_tim.o(.text)
    HAL_TIM_OC_Start_DMA                     0x080060bb   Thumb Code   302  stm32f1xx_hal_tim.o(.text)
    HAL_TIM_OC_Stop_DMA                      0x080061e9   Thumb Code   194  stm32f1xx_hal_tim.o(.text)
    HAL_TIM_PWM_MspInit                      0x080062ab   Thumb Code     2  stm32f1xx_hal_tim.o(.text)
    HAL_TIM_PWM_Init                         0x080062ad   Thumb Code    52  stm32f1xx_hal_tim.o(.text)
    HAL_TIM_PWM_MspDeInit                    0x080062e1   Thumb Code     2  stm32f1xx_hal_tim.o(.text)
    HAL_TIM_PWM_DeInit                       0x080062e3   Thumb Code    70  stm32f1xx_hal_tim.o(.text)
    HAL_TIM_PWM_Start                        0x08006329   Thumb Code    64  stm32f1xx_hal_tim.o(.text)
    HAL_TIM_PWM_Stop                         0x08006369   Thumb Code   118  stm32f1xx_hal_tim.o(.text)
    HAL_TIM_PWM_Start_IT                     0x080063df   Thumb Code   136  stm32f1xx_hal_tim.o(.text)
    HAL_TIM_PWM_Stop_IT                      0x08006467   Thumb Code   188  stm32f1xx_hal_tim.o(.text)
    HAL_TIM_PWM_Start_DMA                    0x08006523   Thumb Code   302  stm32f1xx_hal_tim.o(.text)
    HAL_TIM_PWM_Stop_DMA                     0x08006651   Thumb Code   194  stm32f1xx_hal_tim.o(.text)
    HAL_TIM_IC_MspInit                       0x08006713   Thumb Code     2  stm32f1xx_hal_tim.o(.text)
    HAL_TIM_IC_Init                          0x08006715   Thumb Code    52  stm32f1xx_hal_tim.o(.text)
    HAL_TIM_IC_MspDeInit                     0x08006749   Thumb Code     2  stm32f1xx_hal_tim.o(.text)
    HAL_TIM_IC_DeInit                        0x0800674b   Thumb Code    78  stm32f1xx_hal_tim.o(.text)
    HAL_TIM_IC_Start                         0x08006799   Thumb Code    32  stm32f1xx_hal_tim.o(.text)
    HAL_TIM_IC_Stop                          0x080067b9   Thumb Code    58  stm32f1xx_hal_tim.o(.text)
    HAL_TIM_IC_Start_IT                      0x080067f3   Thumb Code   108  stm32f1xx_hal_tim.o(.text)
    HAL_TIM_IC_Stop_IT                       0x0800685f   Thumb Code   134  stm32f1xx_hal_tim.o(.text)
    HAL_TIM_IC_CaptureCallback               0x080068e5   Thumb Code     2  stm32f1xx_hal_tim.o(.text)
    TIM_DMACaptureCplt                       0x080068e7   Thumb Code    70  stm32f1xx_hal_tim.o(.text)
    HAL_TIM_IC_Start_DMA                     0x0800692d   Thumb Code   274  stm32f1xx_hal_tim.o(.text)
    HAL_TIM_IC_Stop_DMA                      0x08006a3f   Thumb Code   140  stm32f1xx_hal_tim.o(.text)
    HAL_TIM_OnePulse_MspInit                 0x08006acb   Thumb Code     2  stm32f1xx_hal_tim.o(.text)
    HAL_TIM_OnePulse_Init                    0x08006acd   Thumb Code    76  stm32f1xx_hal_tim.o(.text)
    HAL_TIM_OnePulse_MspDeInit               0x08006b19   Thumb Code     2  stm32f1xx_hal_tim.o(.text)
    HAL_TIM_OnePulse_DeInit                  0x08006b1b   Thumb Code    70  stm32f1xx_hal_tim.o(.text)
    HAL_TIM_OnePulse_Start                   0x08006b61   Thumb Code    58  stm32f1xx_hal_tim.o(.text)
    HAL_TIM_OnePulse_Stop                    0x08006b9b   Thumb Code   122  stm32f1xx_hal_tim.o(.text)
    HAL_TIM_OnePulse_Start_IT                0x08006c15   Thumb Code    82  stm32f1xx_hal_tim.o(.text)
    HAL_TIM_OnePulse_Stop_IT                 0x08006c67   Thumb Code   146  stm32f1xx_hal_tim.o(.text)
    HAL_TIM_Encoder_MspInit                  0x08006cf9   Thumb Code     2  stm32f1xx_hal_tim.o(.text)
    HAL_TIM_Encoder_Init                     0x08006cfb   Thumb Code   180  stm32f1xx_hal_tim.o(.text)
    HAL_TIM_Encoder_MspDeInit                0x08006daf   Thumb Code     2  stm32f1xx_hal_tim.o(.text)
    HAL_TIM_Encoder_DeInit                   0x08006db1   Thumb Code    70  stm32f1xx_hal_tim.o(.text)
    HAL_TIM_Encoder_Start                    0x08006df7   Thumb Code    78  stm32f1xx_hal_tim.o(.text)
    HAL_TIM_Encoder_Stop                     0x08006e45   Thumb Code   104  stm32f1xx_hal_tim.o(.text)
    HAL_TIM_Encoder_Start_IT                 0x08006ead   Thumb Code   126  stm32f1xx_hal_tim.o(.text)
    HAL_TIM_Encoder_Stop_IT                  0x08006f2b   Thumb Code   158  stm32f1xx_hal_tim.o(.text)
    HAL_TIM_Encoder_Start_DMA                0x08006fc9   Thumb Code   328  stm32f1xx_hal_tim.o(.text)
    HAL_TIM_Encoder_Stop_DMA                 0x08007111   Thumb Code   152  stm32f1xx_hal_tim.o(.text)
    HAL_TIM_TriggerCallback                  0x080071a9   Thumb Code     2  stm32f1xx_hal_tim.o(.text)
    HAL_TIM_OC_DelayElapsedCallback          0x080071ab   Thumb Code     2  stm32f1xx_hal_tim.o(.text)
    HAL_TIM_IRQHandler                       0x080071ad   Thumb Code   406  stm32f1xx_hal_tim.o(.text)
    TIM_OC2_SetConfig                        0x080073fd   Thumb Code   106  stm32f1xx_hal_tim.o(.text)
    HAL_TIM_OC_ConfigChannel                 0x080074c7   Thumb Code   116  stm32f1xx_hal_tim.o(.text)
    TIM_TI1_SetConfig                        0x080075f5   Thumb Code    94  stm32f1xx_hal_tim.o(.text)
    HAL_TIM_IC_ConfigChannel                 0x08007653   Thumb Code   224  stm32f1xx_hal_tim.o(.text)
    HAL_TIM_PWM_ConfigChannel                0x08007733   Thumb Code   278  stm32f1xx_hal_tim.o(.text)
    HAL_TIM_OnePulse_ConfigChannel           0x08007849   Thumb Code   286  stm32f1xx_hal_tim.o(.text)
    HAL_TIM_DMABurst_WriteStart              0x0800797b   Thumb Code   366  stm32f1xx_hal_tim.o(.text)
    HAL_TIM_DMABurst_WriteStop               0x08007ae9   Thumb Code   128  stm32f1xx_hal_tim.o(.text)
    HAL_TIM_DMABurst_ReadStart               0x08007b69   Thumb Code   366  stm32f1xx_hal_tim.o(.text)
    HAL_TIM_DMABurst_ReadStop                0x08007cd7   Thumb Code   128  stm32f1xx_hal_tim.o(.text)
    HAL_TIM_GenerateEvent                    0x08007d57   Thumb Code    54  stm32f1xx_hal_tim.o(.text)
    HAL_TIM_ConfigOCrefClear                 0x08007da5   Thumb Code   272  stm32f1xx_hal_tim.o(.text)
    HAL_TIM_ConfigClockSource                0x08007f1f   Thumb Code   306  stm32f1xx_hal_tim.o(.text)
    HAL_TIM_ConfigTI1Input                   0x08008051   Thumb Code    24  stm32f1xx_hal_tim.o(.text)
    HAL_TIM_SlaveConfigSynchronization       0x0800810b   Thumb Code    86  stm32f1xx_hal_tim.o(.text)
    HAL_TIM_SlaveConfigSynchronization_IT    0x08008161   Thumb Code    86  stm32f1xx_hal_tim.o(.text)
    HAL_TIM_ReadCapturedValue                0x080081b7   Thumb Code    84  stm32f1xx_hal_tim.o(.text)
    HAL_TIM_Base_GetState                    0x0800820b   Thumb Code     8  stm32f1xx_hal_tim.o(.text)
    HAL_TIM_OC_GetState                      0x08008213   Thumb Code     8  stm32f1xx_hal_tim.o(.text)
    HAL_TIM_PWM_GetState                     0x0800821b   Thumb Code     8  stm32f1xx_hal_tim.o(.text)
    HAL_TIM_IC_GetState                      0x08008223   Thumb Code     8  stm32f1xx_hal_tim.o(.text)
    HAL_TIM_OnePulse_GetState                0x0800822b   Thumb Code     8  stm32f1xx_hal_tim.o(.text)
    HAL_TIM_Encoder_GetState                 0x08008233   Thumb Code     8  stm32f1xx_hal_tim.o(.text)
    HAL_TIMEx_HallSensor_MspInit             0x0800823d   Thumb Code     2  stm32f1xx_hal_tim_ex.o(.text)
    HAL_TIMEx_HallSensor_Init                0x0800823f   Thumb Code   208  stm32f1xx_hal_tim_ex.o(.text)
    HAL_TIMEx_HallSensor_MspDeInit           0x0800830f   Thumb Code     2  stm32f1xx_hal_tim_ex.o(.text)
    HAL_TIMEx_HallSensor_DeInit              0x08008311   Thumb Code    70  stm32f1xx_hal_tim_ex.o(.text)
    HAL_TIMEx_HallSensor_Start               0x08008357   Thumb Code    30  stm32f1xx_hal_tim_ex.o(.text)
    HAL_TIMEx_HallSensor_Stop                0x08008375   Thumb Code    56  stm32f1xx_hal_tim_ex.o(.text)
    HAL_TIMEx_HallSensor_Start_IT            0x080083ad   Thumb Code    42  stm32f1xx_hal_tim_ex.o(.text)
    HAL_TIMEx_HallSensor_Stop_IT             0x080083d7   Thumb Code    68  stm32f1xx_hal_tim_ex.o(.text)
    HAL_TIMEx_HallSensor_Start_DMA           0x0800841b   Thumb Code   104  stm32f1xx_hal_tim_ex.o(.text)
    HAL_TIMEx_HallSensor_Stop_DMA            0x08008483   Thumb Code    68  stm32f1xx_hal_tim_ex.o(.text)
    HAL_TIMEx_OCN_Start                      0x080084e3   Thumb Code    44  stm32f1xx_hal_tim_ex.o(.text)
    HAL_TIMEx_OCN_Stop                       0x0800850f   Thumb Code    96  stm32f1xx_hal_tim_ex.o(.text)
    HAL_TIMEx_OCN_Start_IT                   0x0800856f   Thumb Code   114  stm32f1xx_hal_tim_ex.o(.text)
    HAL_TIMEx_OCN_Stop_IT                    0x080085e1   Thumb Code   180  stm32f1xx_hal_tim_ex.o(.text)
    HAL_TIMEx_OCN_Start_DMA                  0x08008695   Thumb Code   224  stm32f1xx_hal_tim_ex.o(.text)
    HAL_TIMEx_OCN_Stop_DMA                   0x08008775   Thumb Code   160  stm32f1xx_hal_tim_ex.o(.text)
    HAL_TIMEx_PWMN_Start                     0x08008815   Thumb Code    56  stm32f1xx_hal_tim_ex.o(.text)
    HAL_TIMEx_PWMN_Stop                      0x0800884d   Thumb Code    96  stm32f1xx_hal_tim_ex.o(.text)
    HAL_TIMEx_PWMN_Start_IT                  0x080088ad   Thumb Code   114  stm32f1xx_hal_tim_ex.o(.text)
    HAL_TIMEx_PWMN_Stop_IT                   0x0800891f   Thumb Code   180  stm32f1xx_hal_tim_ex.o(.text)
    HAL_TIMEx_PWMN_Start_DMA                 0x080089d3   Thumb Code   224  stm32f1xx_hal_tim_ex.o(.text)
    HAL_TIMEx_PWMN_Stop_DMA                  0x08008ab3   Thumb Code   160  stm32f1xx_hal_tim_ex.o(.text)
    HAL_TIMEx_OnePulseN_Start                0x08008b53   Thumb Code    32  stm32f1xx_hal_tim_ex.o(.text)
    HAL_TIMEx_OnePulseN_Stop                 0x08008b73   Thumb Code    96  stm32f1xx_hal_tim_ex.o(.text)
    HAL_TIMEx_OnePulseN_Start_IT             0x08008bd3   Thumb Code    56  stm32f1xx_hal_tim_ex.o(.text)
    HAL_TIMEx_OnePulseN_Stop_IT              0x08008c0b   Thumb Code   120  stm32f1xx_hal_tim_ex.o(.text)
    HAL_TIMEx_ConfigCommutationEvent         0x08008c83   Thumb Code   110  stm32f1xx_hal_tim_ex.o(.text)
    HAL_TIMEx_ConfigCommutationEvent_IT      0x08008cf1   Thumb Code   122  stm32f1xx_hal_tim_ex.o(.text)
    HAL_TIMEx_CommutationCallback            0x08008d6b   Thumb Code     2  stm32f1xx_hal_tim_ex.o(.text)
    TIMEx_DMACommutationCplt                 0x08008d6d   Thumb Code    20  stm32f1xx_hal_tim_ex.o(.text)
    HAL_TIMEx_ConfigCommutationEvent_DMA     0x08008d81   Thumb Code   146  stm32f1xx_hal_tim_ex.o(.text)
    HAL_TIMEx_ConfigBreakDeadTime            0x08008e13   Thumb Code   126  stm32f1xx_hal_tim_ex.o(.text)
    HAL_TIMEx_MasterConfigSynchronization    0x08008e91   Thumb Code    98  stm32f1xx_hal_tim_ex.o(.text)
    HAL_TIMEx_BreakCallback                  0x08008ef3   Thumb Code     2  stm32f1xx_hal_tim_ex.o(.text)
    HAL_TIMEx_HallSensor_GetState            0x08008ef5   Thumb Code     8  stm32f1xx_hal_tim_ex.o(.text)
    lcd_delay                                0x08008efd   Thumb Code    22  lcd.o(.text)
    lcd_pin_init                             0x08008f13   Thumb Code    38  lcd.o(.text)
    send_to_lcd                              0x08008f79   Thumb Code   104  lcd.o(.text)
    lcd_send_cmd_4Bit                        0x08008fe1   Thumb Code    28  lcd.o(.text)
    lcd_send_data_4Bit                       0x08008ffd   Thumb Code    28  lcd.o(.text)
    lcd_clear                                0x08009019   Thumb Code    18  lcd.o(.text)
    lcd_put_cur                              0x0800902b   Thumb Code    36  lcd.o(.text)
    lcd_init_4Bit                            0x0800904f   Thumb Code   212  lcd.o(.text)
    lcd_send_string_4Bit                     0x08009123   Thumb Code    22  lcd.o(.text)
    lcd_put_cursorXY                         0x08009139   Thumb Code    80  lcd.o(.text)
    lcd_init_dummy                           0x08009189   Thumb Code    46  lcd.o(.text)
    __use_two_region_memory                  0x080091c1   Thumb Code     2  heapauxi.o(.text)
    __rt_heap_escrow$2region                 0x080091c3   Thumb Code     2  heapauxi.o(.text)
    __rt_heap_expand$2region                 0x080091c5   Thumb Code     2  heapauxi.o(.text)
    __user_setup_stackheap                   0x080091c7   Thumb Code    74  sys_stackheap_outer.o(.text)
    exit                                     0x08009211   Thumb Code    12  exit.o(.text)
    __user_libspace                          0x0800921d   Thumb Code     8  libspace.o(.text)
    __user_perproc_libspace                  0x0800921d   Thumb Code     0  libspace.o(.text)
    __user_perthread_libspace                0x0800921d   Thumb Code     0  libspace.o(.text)
    _sys_exit                                0x08009225   Thumb Code     8  sys_exit.o(.text)
    __I$use$semihosting                      0x08009231   Thumb Code     0  use_no_semi.o(.text)
    __use_no_semihosting_swi                 0x08009231   Thumb Code     2  use_no_semi.o(.text)
    __semihosting_library_function           0x08009233   Thumb Code     0  indicate_semi.o(.text)
    Region$$Table$$Base                      0x08009234   Number         0  anon$$obj.o(Region$$Table)
    Region$$Table$$Limit                     0x08009254   Number         0  anon$$obj.o(Region$$Table)
    SystemCoreClock                          0x20000000   Data           4  system_stm32f10x.o(.data)
    AHBPrescTable                            0x20000004   Data          16  system_stm32f10x.o(.data)
    APBPrescTable                            0x20000014   Data           8  system_stm32f10x.o(.data)
    uwTickPrio                               0x20000020   Data           4  stm32f1xx_hal.o(.data)
    uwTickFreq                               0x20000024   Data           1  stm32f1xx_hal.o(.data)
    uwTick                                   0x20000028   Data           4  stm32f1xx_hal.o(.data)
    hi2c1                                    0x2000002c   Data          84  main.o(.bss)
    htim1                                    0x20000080   Data          64  main.o(.bss)
    __libspace_start                         0x200000c0   Data          96  libspace.o(.bss)
    __temporary_stack_top$libspace           0x20000120   Data           0  libspace.o(.bss)



==============================================================================

Memory Map of the image

  Image Entry point : 0x080000ed

  Load Region LR_IROM1 (Base: 0x08000000, Size: 0x00009280, Max: 0x00010000, ABSOLUTE)

    Execution Region ER_IROM1 (Base: 0x08000000, Size: 0x00009254, Max: 0x00010000, ABSOLUTE)

    Base Addr    Size         Type   Attr      Idx    E Section Name        Object

    0x08000000   0x000000ec   Data   RO            3    RESET               startup_stm32f103xb.o
    0x080000ec   0x00000008   Code   RO          736  * !!!main             c_w.l(__main.o)
    0x080000f4   0x00000034   Code   RO          892    !!!scatter          c_w.l(__scatter.o)
    0x08000128   0x0000001a   Code   RO          894    !!handler_copy      c_w.l(__scatter_copy.o)
    0x08000142   0x00000002   PAD
    0x08000144   0x0000001c   Code   RO          896    !!handler_zi        c_w.l(__scatter_zi.o)
    0x08000160   0x00000002   Code   RO          765    .ARM.Collect$$libinit$$00000000  c_w.l(libinit.o)
    0x08000162   0x00000000   Code   RO          772    .ARM.Collect$$libinit$$00000002  c_w.l(libinit2.o)
    0x08000162   0x00000000   Code   RO          775    .ARM.Collect$$libinit$$00000008  c_w.l(libinit2.o)
    0x08000162   0x00000000   Code   RO          777    .ARM.Collect$$libinit$$0000000A  c_w.l(libinit2.o)
    0x08000162   0x00000000   Code   RO          779    .ARM.Collect$$libinit$$0000000C  c_w.l(libinit2.o)
    0x08000162   0x00000000   Code   RO          782    .ARM.Collect$$libinit$$0000000F  c_w.l(libinit2.o)
    0x08000162   0x00000000   Code   RO          784    .ARM.Collect$$libinit$$00000011  c_w.l(libinit2.o)
    0x08000162   0x00000000   Code   RO          786    .ARM.Collect$$libinit$$00000013  c_w.l(libinit2.o)
    0x08000162   0x00000000   Code   RO          788    .ARM.Collect$$libinit$$00000015  c_w.l(libinit2.o)
    0x08000162   0x00000000   Code   RO          790    .ARM.Collect$$libinit$$00000017  c_w.l(libinit2.o)
    0x08000162   0x00000000   Code   RO          792    .ARM.Collect$$libinit$$00000019  c_w.l(libinit2.o)
    0x08000162   0x00000000   Code   RO          794    .ARM.Collect$$libinit$$0000001B  c_w.l(libinit2.o)
    0x08000162   0x00000000   Code   RO          796    .ARM.Collect$$libinit$$0000001D  c_w.l(libinit2.o)
    0x08000162   0x00000000   Code   RO          798    .ARM.Collect$$libinit$$0000001F  c_w.l(libinit2.o)
    0x08000162   0x00000000   Code   RO          800    .ARM.Collect$$libinit$$00000021  c_w.l(libinit2.o)
    0x08000162   0x00000000   Code   RO          802    .ARM.Collect$$libinit$$00000023  c_w.l(libinit2.o)
    0x08000162   0x00000000   Code   RO          806    .ARM.Collect$$libinit$$0000002A  c_w.l(libinit2.o)
    0x08000162   0x00000000   Code   RO          808    .ARM.Collect$$libinit$$0000002C  c_w.l(libinit2.o)
    0x08000162   0x00000000   Code   RO          810    .ARM.Collect$$libinit$$0000002E  c_w.l(libinit2.o)
    0x08000162   0x00000000   Code   RO          812    .ARM.Collect$$libinit$$00000030  c_w.l(libinit2.o)
    0x08000162   0x00000002   Code   RO          813    .ARM.Collect$$libinit$$00000031  c_w.l(libinit2.o)
    0x08000164   0x00000002   Code   RO          833    .ARM.Collect$$libshutdown$$00000000  c_w.l(libshutdown.o)
    0x08000166   0x00000000   Code   RO          847    .ARM.Collect$$libshutdown$$00000003  c_w.l(libshutdown2.o)
    0x08000166   0x00000000   Code   RO          850    .ARM.Collect$$libshutdown$$00000006  c_w.l(libshutdown2.o)
    0x08000166   0x00000000   Code   RO          853    .ARM.Collect$$libshutdown$$00000009  c_w.l(libshutdown2.o)
    0x08000166   0x00000000   Code   RO          855    .ARM.Collect$$libshutdown$$0000000B  c_w.l(libshutdown2.o)
    0x08000166   0x00000000   Code   RO          858    .ARM.Collect$$libshutdown$$0000000E  c_w.l(libshutdown2.o)
    0x08000166   0x00000002   Code   RO          859    .ARM.Collect$$libshutdown$$0000000F  c_w.l(libshutdown2.o)
    0x08000168   0x00000000   Code   RO          738    .ARM.Collect$$rtentry$$00000000  c_w.l(rtentry.o)
    0x08000168   0x00000000   Code   RO          742    .ARM.Collect$$rtentry$$00000002  c_w.l(rtentry2.o)
    0x08000168   0x00000006   Code   RO          754    .ARM.Collect$$rtentry$$00000004  c_w.l(rtentry4.o)
    0x0800016e   0x00000000   Code   RO          744    .ARM.Collect$$rtentry$$00000009  c_w.l(rtentry2.o)
    0x0800016e   0x00000004   Code   RO          745    .ARM.Collect$$rtentry$$0000000A  c_w.l(rtentry2.o)
    0x08000172   0x00000000   Code   RO          747    .ARM.Collect$$rtentry$$0000000C  c_w.l(rtentry2.o)
    0x08000172   0x00000008   Code   RO          748    .ARM.Collect$$rtentry$$0000000D  c_w.l(rtentry2.o)
    0x0800017a   0x00000002   Code   RO          769    .ARM.Collect$$rtexit$$00000000  c_w.l(rtexit.o)
    0x0800017c   0x00000000   Code   RO          815    .ARM.Collect$$rtexit$$00000002  c_w.l(rtexit2.o)
    0x0800017c   0x00000004   Code   RO          816    .ARM.Collect$$rtexit$$00000003  c_w.l(rtexit2.o)
    0x08000180   0x00000006   Code   RO          817    .ARM.Collect$$rtexit$$00000004  c_w.l(rtexit2.o)
    0x08000186   0x00000002   PAD
    0x08000188   0x00000040   Code   RO            4    .text               startup_stm32f103xb.o
    0x080001c8   0x000001c8   Code   RO           13    .text               system_stm32f10x.o
    0x08000390   0x00000108   Code   RO           63    .text               stm32f1xx_hal_msp.o
    0x08000498   0x00000024   Code   RO          159    .text               stm32f1xx_it.o
    0x080004bc   0x0000021c   Code   RO          189    .text               delay.o
    0x080006d8   0x00000348   Code   RO          218    .text               main.o
    0x08000a20   0x000001b4   Code   RO          280    .text               stm32f1xx_hal.o
    0x08000bd4   0x000002c4   Code   RO          307    .text               stm32f1xx_hal_cortex.o
    0x08000e98   0x00000800   Code   RO          335    .text               stm32f1xx_hal_dma.o
    0x08001698   0x00000498   Code   RO          411    .text               stm32f1xx_hal_gpio.o
    0x08001b30   0x00003724   Code   RO          459    .text               stm32f1xx_hal_i2c.o
    0x08005254   0x00000928   Code   RO          507    .text               stm32f1xx_hal_rcc.o
    0x08005b7c   0x000026be   Code   RO          555    .text               stm32f1xx_hal_tim.o
    0x0800823a   0x00000002   PAD
    0x0800823c   0x00000cc0   Code   RO          579    .text               stm32f1xx_hal_tim_ex.o
    0x08008efc   0x000002c4   Code   RO          678    .text               lcd.o
    0x080091c0   0x00000006   Code   RO          734    .text               c_w.l(heapauxi.o)
    0x080091c6   0x0000004a   Code   RO          756    .text               c_w.l(sys_stackheap_outer.o)
    0x08009210   0x0000000c   Code   RO          758    .text               c_w.l(exit.o)
    0x0800921c   0x00000008   Code   RO          766    .text               c_w.l(libspace.o)
    0x08009224   0x0000000c   Code   RO          825    .text               c_w.l(sys_exit.o)
    0x08009230   0x00000002   Code   RO          836    .text               c_w.l(use_no_semi.o)
    0x08009232   0x00000000   Code   RO          838    .text               c_w.l(indicate_semi.o)
    0x08009232   0x00000002   PAD
    0x08009234   0x00000020   Data   RO          890    Region$$Table       anon$$obj.o


    Execution Region RW_IRAM1 (Base: 0x20000000, Size: 0x00000720, Max: 0x00005000, ABSOLUTE)

    Base Addr    Size         Type   Attr      Idx    E Section Name        Object

    0x20000000   0x0000001c   Data   RW           14    .data               system_stm32f10x.o
    0x2000001c   0x00000004   Data   RW          190    .data               delay.o
    0x20000020   0x0000000c   Data   RW          281    .data               stm32f1xx_hal.o
    0x2000002c   0x00000094   Zero   RW          219    .bss                main.o
    0x200000c0   0x00000060   Zero   RW          767    .bss                c_w.l(libspace.o)
    0x20000120   0x00000200   Zero   RW            2    HEAP                startup_stm32f103xb.o
    0x20000320   0x00000400   Zero   RW            1    STACK               startup_stm32f103xb.o


==============================================================================

Image component sizes


      Code (inc. data)   RO Data    RW Data    ZI Data      Debug   Object Name

       540         20          0          4          0       3201   delay.o
       708         10          0          0          0       2591   lcd.o
       840        116          0          0        148       2714   main.o
        64         26        236          0       1536        772   startup_stm32f103xb.o
       436         36          0         12          0       4481   stm32f1xx_hal.o
       708         20          0          0          0      26986   stm32f1xx_hal_cortex.o
      2048         14          0          0          0       5337   stm32f1xx_hal_dma.o
      1176         32          0          0          0       3671   stm32f1xx_hal_gpio.o
     14116        174          0          0          0      32290   stm32f1xx_hal_i2c.o
       264         18          0          0          0     435100   stm32f1xx_hal_msp.o
      2344         88          0          0          0       5311   stm32f1xx_hal_rcc.o
      9918         86          0          0          0      30526   stm32f1xx_hal_tim.o
      3264         20          0          0          0      11036   stm32f1xx_hal_tim_ex.o
        36          0          0          0          0       1210   stm32f1xx_it.o
       456         36          0         28          0       5893   system_stm32f10x.o

    ----------------------------------------------------------------------
     36920        696        268         44       1684     571119   Object Totals
         0          0         32          0          0          0   (incl. Generated)
         2          0          0          0          0          0   (incl. Padding)

    ----------------------------------------------------------------------

      Code (inc. data)   RO Data    RW Data    ZI Data      Debug   Library Member Name

         8          0          0          0          0         68   __main.o
        52          8          0          0          0          0   __scatter.o
        26          0          0          0          0          0   __scatter_copy.o
        28          0          0          0          0          0   __scatter_zi.o
        12          0          0          0          0         72   exit.o
         6          0          0          0          0        152   heapauxi.o
         0          0          0          0          0          0   indicate_semi.o
         2          0          0          0          0          0   libinit.o
         2          0          0          0          0          0   libinit2.o
         2          0          0          0          0          0   libshutdown.o
         2          0          0          0          0          0   libshutdown2.o
         8          4          0          0         96         68   libspace.o
         0          0          0          0          0          0   rtentry.o
        12          0          0          0          0          0   rtentry2.o
         6          0          0          0          0          0   rtentry4.o
         2          0          0          0          0          0   rtexit.o
        10          0          0          0          0          0   rtexit2.o
        12          4          0          0          0         68   sys_exit.o
        74          0          0          0          0         80   sys_stackheap_outer.o
         2          0          0          0          0         68   use_no_semi.o

    ----------------------------------------------------------------------
       272         16          0          0         96        576   Library Totals
         6          0          0          0          0          0   (incl. Padding)

    ----------------------------------------------------------------------

      Code (inc. data)   RO Data    RW Data    ZI Data      Debug   Library Name

       266         16          0          0         96        576   c_w.l

    ----------------------------------------------------------------------
       272         16          0          0         96        576   Library Totals

    ----------------------------------------------------------------------

==============================================================================


      Code (inc. data)   RO Data    RW Data    ZI Data      Debug   

     37192        712        268         44       1780     569771   Grand Totals
     37192        712        268         44       1780     569771   ELF Image Totals
     37192        712        268         44          0          0   ROM Totals

==============================================================================

    Total RO  Size (Code + RO Data)                37460 (  36.58kB)
    Total RW  Size (RW Data + ZI Data)              1824 (   1.78kB)
    Total ROM Size (Code + RO Data + RW Data)      37504 (  36.63kB)

==============================================================================

