<html>
<body>
<pre>
<h1>µVision Build Log</h1>
<h2>Project:</h2>
E:\keil_projects\timer\timer.uvproj
Project File Date:  06/22/2021

<h2>Output:</h2>
Build target 'Target 1'
assembling startup_stm32f10x_md.s...
compiling system_stm32f10x.c...
C:\Keil460\ARM\Inc\ST\STM32F10x\stm32f10x.h(96): error:  #35: #error directive: "Please select first the target STM32F10x device used in your application (in stm32f10x.h file)"
compiling main.c...
.\Drivers\CMSIS\Device\ST\STM32F1xx\Include\stm32f1xx.h(141): error:  #35: #error directive: "Please select first the target STM32F1xx device used in your application (in stm32f1xx.h file)"
compiling stm32f1xx_hal_msp.c...
.\Drivers\CMSIS\Device\ST\STM32F1xx\Include\stm32f1xx.h(141): error:  #35: #error directive: "Please select first the target STM32F1xx device used in your application (in stm32f1xx.h file)"
compiling stm32f1xx_it.c...
.\Drivers\CMSIS\Device\ST\STM32F1xx\Include\stm32f1xx.h(141): error:  #35: #error directive: "Please select first the target STM32F1xx device used in your application (in stm32f1xx.h file)"
compiling syscalls.c...
Src\syscalls.c(50): error:  #5: cannot open source input file "sys/stat.h": No such file or directory
compiling sysmem.c...
Src\sysmem.c(54): warning:  #1295-D: Deprecated declaration __aeabi_errno_addr - give arg types
Src\sysmem.c(54): error:  #147-D: declaration is incompatible with "volatile int *__aeabi_errno_addr(void)__pure" (declared at line 32 of "C:\Keil460\ARM\ARMCC\bin\..\include\errno.h")
Src\sysmem.c(55): error:  #149: a global-scope declaration may not have this storage class
Src\sysmem.c(55): error:  #65: expected a ";"
Src\sysmem.c(63): error:  #20: identifier "caddr_t" is undefined
Src\sysmem.c(65): error:  #65: expected a ";"
Src\sysmem.c(76): error:  #20: identifier "caddr_t" is undefined
Src\sysmem.c(81): error:  #20: identifier "caddr_t" is undefined
Src\sysmem.c(81): error:  #65: expected a ";"
Src\sysmem.c(67): warning:  #550-D: variable "prev_heap_end" was set but never used
compiling system_stm32f1xx.c...
.\Drivers\CMSIS\Device\ST\STM32F1xx\Include\stm32f1xx.h(141): error:  #35: #error directive: "Please select first the target STM32F1xx device used in your application (in stm32f1xx.h file)"
compiling stm32f1xx_hal.c...
.\Drivers\CMSIS\Device\ST\STM32F1xx\Include\stm32f1xx.h(141): error:  #35: #error directive: "Please select first the target STM32F1xx device used in your application (in stm32f1xx.h file)"
compiling stm32f1xx_hal_cortex.c...
.\Drivers\CMSIS\Device\ST\STM32F1xx\Include\stm32f1xx.h(141): error:  #35: #error directive: "Please select first the target STM32F1xx device used in your application (in stm32f1xx.h file)"
compiling stm32f1xx_hal_dma.c...
.\Drivers\CMSIS\Device\ST\STM32F1xx\Include\stm32f1xx.h(141): error:  #35: #error directive: "Please select first the target STM32F1xx device used in your application (in stm32f1xx.h file)"
compiling stm32f1xx_hal_exti.c...
.\Drivers\CMSIS\Device\ST\STM32F1xx\Include\stm32f1xx.h(141): error:  #35: #error directive: "Please select first the target STM32F1xx device used in your application (in stm32f1xx.h file)"
compiling stm32f1xx_hal_flash.c...
.\Drivers\CMSIS\Device\ST\STM32F1xx\Include\stm32f1xx.h(141): error:  #35: #error directive: "Please select first the target STM32F1xx device used in your application (in stm32f1xx.h file)"
compiling stm32f1xx_hal_flash_ex.c...
.\Drivers\CMSIS\Device\ST\STM32F1xx\Include\stm32f1xx.h(141): error:  #35: #error directive: "Please select first the target STM32F1xx device used in your application (in stm32f1xx.h file)"
compiling stm32f1xx_hal_gpio.c...
.\Drivers\CMSIS\Device\ST\STM32F1xx\Include\stm32f1xx.h(141): error:  #35: #error directive: "Please select first the target STM32F1xx device used in your application (in stm32f1xx.h file)"
compiling stm32f1xx_hal_gpio_ex.c...
.\Drivers\CMSIS\Device\ST\STM32F1xx\Include\stm32f1xx.h(141): error:  #35: #error directive: "Please select first the target STM32F1xx device used in your application (in stm32f1xx.h file)"
compiling stm32f1xx_hal_pwr.c...
.\Drivers\CMSIS\Device\ST\STM32F1xx\Include\stm32f1xx.h(141): error:  #35: #error directive: "Please select first the target STM32F1xx device used in your application (in stm32f1xx.h file)"
compiling stm32f1xx_hal_rcc.c...
.\Drivers\CMSIS\Device\ST\STM32F1xx\Include\stm32f1xx.h(141): error:  #35: #error directive: "Please select first the target STM32F1xx device used in your application (in stm32f1xx.h file)"
compiling stm32f1xx_hal_rcc_ex.c...
.\Drivers\CMSIS\Device\ST\STM32F1xx\Include\stm32f1xx.h(141): error:  #35: #error directive: "Please select first the target STM32F1xx device used in your application (in stm32f1xx.h file)"
compiling stm32f1xx_hal_tim.c...
.\Drivers\CMSIS\Device\ST\STM32F1xx\Include\stm32f1xx.h(141): error:  #35: #error directive: "Please select first the target STM32F1xx device used in your application (in stm32f1xx.h file)"
compiling stm32f1xx_hal_tim_ex.c...
.\Drivers\CMSIS\Device\ST\STM32F1xx\Include\stm32f1xx.h(141): error:  #35: #error directive: "Please select first the target STM32F1xx device used in your application (in stm32f1xx.h file)"
Target not created
Build target 'Target 1'
compiling system_stm32f10x.c...
C:\Keil460\ARM\Inc\ST\STM32F10x\stm32f10x.h(96): error:  #35: #error directive: "Please select first the target STM32F10x device used in your application (in stm32f10x.h file)"
compiling main.c...
compiling stm32f1xx_hal_msp.c...
compiling stm32f1xx_it.c...
compiling syscalls.c...
Src\syscalls.c(50): error:  #5: cannot open source input file "sys/stat.h": No such file or directory
compiling sysmem.c...
Src\sysmem.c(54): warning:  #1295-D: Deprecated declaration __aeabi_errno_addr - give arg types
Src\sysmem.c(54): error:  #147-D: declaration is incompatible with "volatile int *__aeabi_errno_addr(void)__pure" (declared at line 32 of "C:\Keil460\ARM\ARMCC\bin\..\include\errno.h")
Src\sysmem.c(55): error:  #149: a global-scope declaration may not have this storage class
Src\sysmem.c(55): error:  #65: expected a ";"
Src\sysmem.c(63): error:  #20: identifier "caddr_t" is undefined
Src\sysmem.c(65): error:  #65: expected a ";"
Src\sysmem.c(76): error:  #20: identifier "caddr_t" is undefined
Src\sysmem.c(81): error:  #20: identifier "caddr_t" is undefined
Src\sysmem.c(81): error:  #65: expected a ";"
Src\sysmem.c(67): warning:  #550-D: variable "prev_heap_end" was set but never used
compiling system_stm32f1xx.c...
compiling stm32f1xx_hal.c...
compiling stm32f1xx_hal_cortex.c...
compiling stm32f1xx_hal_dma.c...
compiling stm32f1xx_hal_exti.c...
compiling stm32f1xx_hal_flash.c...
compiling stm32f1xx_hal_flash_ex.c...
compiling stm32f1xx_hal_gpio.c...
compiling stm32f1xx_hal_gpio_ex.c...
compiling stm32f1xx_hal_pwr.c...
compiling stm32f1xx_hal_rcc.c...
compiling stm32f1xx_hal_rcc_ex.c...
Drivers\STM32F1xx_HAL_Driver\Src\stm32f1xx_hal_rcc_ex.c(116): error:  #268: declaration may not appear after executable statement in block
compiling stm32f1xx_hal_tim.c...
compiling stm32f1xx_hal_tim_ex.c...
Target not created
Build target 'Target 1'
compiling system_stm32f10x.c...
C:\Keil460\ARM\Inc\ST\STM32F10x\stm32f10x.h(96): error:  #35: #error directive: "Please select first the target STM32F10x device used in your application (in stm32f10x.h file)"
compiling main.c...
compiling stm32f1xx_hal_msp.c...
compiling stm32f1xx_it.c...
compiling syscalls.c...
Src\syscalls.c(50): error:  #5: cannot open source input file "sys/stat.h": No such file or directory
compiling sysmem.c...
Src\sysmem.c(54): warning:  #1295-D: Deprecated declaration __aeabi_errno_addr - give arg types
Src\sysmem.c(54): error:  #147-D: declaration is incompatible with "volatile int *__aeabi_errno_addr(void)__pure" (declared at line 32 of "C:\Keil460\ARM\ARMCC\bin\..\include\errno.h")
Src\sysmem.c(55): error:  #149: a global-scope declaration may not have this storage class
Src\sysmem.c(55): error:  #65: expected a ";"
Src\sysmem.c(63): error:  #20: identifier "caddr_t" is undefined
Src\sysmem.c(65): error:  #65: expected a ";"
Src\sysmem.c(76): error:  #20: identifier "caddr_t" is undefined
Src\sysmem.c(81): error:  #20: identifier "caddr_t" is undefined
Src\sysmem.c(81): error:  #65: expected a ";"
Src\sysmem.c(67): warning:  #550-D: variable "prev_heap_end" was set but never used
compiling system_stm32f1xx.c...
compiling stm32f1xx_hal.c...
compiling stm32f1xx_hal_cortex.c...
compiling stm32f1xx_hal_dma.c...
compiling stm32f1xx_hal_exti.c...
compiling stm32f1xx_hal_flash.c...
compiling stm32f1xx_hal_flash_ex.c...
compiling stm32f1xx_hal_gpio.c...
compiling stm32f1xx_hal_gpio_ex.c...
compiling stm32f1xx_hal_pwr.c...
compiling stm32f1xx_hal_rcc.c...
compiling stm32f1xx_hal_rcc_ex.c...
compiling stm32f1xx_hal_tim.c...
compiling stm32f1xx_hal_tim_ex.c...
Target not created
Build target 'Target 1'
compiling system_stm32f10x.c...
C:\Keil460\ARM\Inc\ST\STM32F10x\stm32f10x.h(96): error:  #35: #error directive: "Please select first the target STM32F10x device used in your application (in stm32f10x.h file)"
compiling syscalls.c...
Src\syscalls.c(50): error:  #5: cannot open source input file "sys/stat.h": No such file or directory
Target not created
Build target 'Target 1'
compiling system_stm32f10x.c...
compiling main.c...
compiling stm32f1xx_hal_msp.c...
compiling stm32f1xx_it.c...
compiling system_stm32f1xx.c...
compiling stm32f1xx_hal.c...
compiling stm32f1xx_hal_cortex.c...
compiling stm32f1xx_hal_dma.c...
compiling stm32f1xx_hal_exti.c...
compiling stm32f1xx_hal_flash.c...
compiling stm32f1xx_hal_flash_ex.c...
compiling stm32f1xx_hal_gpio.c...
compiling stm32f1xx_hal_gpio_ex.c...
compiling stm32f1xx_hal_pwr.c...
compiling stm32f1xx_hal_rcc.c...
compiling stm32f1xx_hal_rcc_ex.c...
compiling stm32f1xx_hal_tim.c...
compiling stm32f1xx_hal_tim_ex.c...
linking...
.\objects\timer.axf: Error: L6200E: Symbol SystemInit multiply defined (by system_stm32f1xx.o and system_stm32f10x.o).
.\objects\timer.axf: Error: L6200E: Symbol SystemCoreClock multiply defined (by system_stm32f1xx.o and system_stm32f10x.o).
.\objects\timer.axf: Error: L6200E: Symbol AHBPrescTable multiply defined (by system_stm32f1xx.o and system_stm32f10x.o).
.\objects\timer.axf: Error: L6200E: Symbol SystemCoreClockUpdate multiply defined (by system_stm32f1xx.o and system_stm32f10x.o).
Target not created
Build target 'Target 1'
linking...
Program Size: Code=4656 RO-data=292 RW-data=16 ZI-data=1696  
".\objects\timer.axf" - 0 Error(s), 0 Warning(s).
Rebuild target 'Target 1'
assembling startup_stm32f10x_md.s...
compiling main.c...
compiling stm32f1xx_hal_msp.c...
compiling stm32f1xx_it.c...
compiling system_stm32f1xx.c...
compiling stm32f1xx_hal.c...
compiling stm32f1xx_hal_cortex.c...
compiling stm32f1xx_hal_dma.c...
compiling stm32f1xx_hal_exti.c...
compiling stm32f1xx_hal_flash.c...
compiling stm32f1xx_hal_flash_ex.c...
compiling stm32f1xx_hal_gpio.c...
compiling stm32f1xx_hal_gpio_ex.c...
compiling stm32f1xx_hal_pwr.c...
compiling stm32f1xx_hal_rcc.c...
compiling stm32f1xx_hal_rcc_ex.c...
compiling stm32f1xx_hal_tim.c...
compiling stm32f1xx_hal_tim_ex.c...
linking...
Program Size: Code=4656 RO-data=292 RW-data=16 ZI-data=1696  
".\objects\timer.axf" - 0 Error(s), 0 Warning(s).
