<html>
<body>
<pre>
<h1>µVision Build Log</h1>
<h2>Project:</h2>
E:\keil_projects\adc\adc_stm32f10x.uvproj
Project File Date:  06/22/2021

<h2>Output:</h2>
Build target 'Target 1'
compiling timer.c...
linking...
Program Size: Code=1136 RO-data=268 RW-data=24 ZI-data=1632  
".\objects\adc_stm32f10x.axf" - 0 Error(s), 0 Warning(s).
Build target 'Target 1'
compiling timer.c...
linking...
Program Size: Code=1132 RO-data=268 RW-data=24 ZI-data=1632  
".\objects\adc_stm32f10x.axf" - 0 Error(s), 0 Warning(s).
Build target 'Target 1'
compiling main.c...
compiling timer.c...
src\timer.c(57): warning:  #1-D: last line of file ends without a newline
linking...
Program Size: Code=1196 RO-data=268 RW-data=24 ZI-data=1632  
".\objects\adc_stm32f10x.axf" - 0 Error(s), 1 Warning(s).
Rebuild target 'Target 1'
assembling startup_stm32f10x_md.s...
compiling system_stm32f10x.c...
compiling main.c...
compiling timer.c...
compiling adc.c...
linking...
Program Size: Code=1196 RO-data=268 RW-data=24 ZI-data=1632  
".\objects\adc_stm32f10x.axf" - 0 Error(s), 0 Warning(s).
Build target 'Target 1'
compiling main.c...
compiling timer.c...
linking...
Program Size: Code=1196 RO-data=268 RW-data=24 ZI-data=1632  
".\objects\adc_stm32f10x.axf" - 0 Error(s), 0 Warning(s).
Build target 'Target 1'
linking...
Program Size: Code=1196 RO-data=268 RW-data=24 ZI-data=1632  
".\objects\adc_stm32f10x.axf" - 0 Error(s), 0 Warning(s).
Build target 'Target 1'
compiling timer.c...
linking...
Program Size: Code=1200 RO-data=268 RW-data=24 ZI-data=1632  
".\objects\adc_stm32f10x.axf" - 0 Error(s), 0 Warning(s).
Build target 'Target 1'
compiling timer.c...
linking...
Program Size: Code=1200 RO-data=268 RW-data=24 ZI-data=1632  
".\objects\adc_stm32f10x.axf" - 0 Error(s), 0 Warning(s).
Build target 'Target 1'
compiling timer.c...
linking...
Program Size: Code=1148 RO-data=268 RW-data=24 ZI-data=1632  
".\objects\adc_stm32f10x.axf" - 0 Error(s), 0 Warning(s).
