<html>
<body>
<pre>
<h1>µVision Build Log</h1>
<h2>Project:</h2>
E:\Projects\4x20 LCD\LCD\RemoteControl.uvproj
Project File Date:  01/26/2021

<h2>Output:</h2>
Build target 'Target 1'
compiling main.c...
.\Inc\i2c-lcd.h(39): warning:  #47-D: incompatible redefinition of macro "LCD16X2_LINES"
Src\main.c(100): warning:  #40-D: expected an identifier
Src\main.c(129): error:  #29: expected an expression
Src\main.c(229): warning:  #177-D: function "MX_I2C1_Init" was declared but never referenced
Target not created
Build target 'Target 1'
compiling main.c...
.\Inc\i2c-lcd.h(39): warning:  #47-D: incompatible redefinition of macro "LCD16X2_LINES"
Src\main.c(100): warning:  #40-D: expected an identifier
Src\main.c(130): warning:  #223-D: function "lcd_pin_init" declared implicitly
Src\main.c(229): warning:  #177-D: function "MX_I2C1_Init" was declared but never referenced
linking...
Program Size: Code=37120 RO-data=268 RW-data=44 ZI-data=1780  
FromELF: creating hex file...
".\Obj\RemoteControl.axf" - 0 Error(s), 4 Warning(s).
Build target 'Target 1'
compiling main.c...
.\Inc\i2c-lcd.h(39): warning:  #47-D: incompatible redefinition of macro "LCD16X2_LINES"
Src\main.c(100): warning:  #40-D: expected an identifier
Src\main.c(130): warning:  #223-D: function "lcd_pin_init" declared implicitly
Src\main.c(229): warning:  #177-D: function "MX_I2C1_Init" was declared but never referenced
linking...
Program Size: Code=37120 RO-data=268 RW-data=44 ZI-data=1780  
FromELF: creating hex file...
".\Obj\RemoteControl.axf" - 0 Error(s), 4 Warning(s).
Load "E:\\Projects\\4x20 LCD\\LCD\\Obj\\RemoteControl.AXF" 
Erase Done.
Programming Done.
Verify OK.
Build target 'Target 1'
compiling lcd.c...
.\Inc\i2c-lcd.h(39): warning:  #47-D: incompatible redefinition of macro "LCD16X2_LINES"
Src\lcd.c(57): warning:  #188-D: enumerated type mixed with another type
Src\lcd.c(69): warning:  #188-D: enumerated type mixed with another type
Src\lcd.c(71): warning:  #188-D: enumerated type mixed with another type
Src\lcd.c(185): warning:  #1-D: last line of file ends without a newline
Src\lcd.c(36): warning:  #177-D: function "command_mode" was declared but never referenced
Src\lcd.c(41): warning:  #177-D: function "data_mode" was declared but never referenced
Src\lcd.c(46): warning:  #177-D: function "lcd_e_pulse" was declared but never referenced
linking...
Program Size: Code=37120 RO-data=268 RW-data=44 ZI-data=1780  
FromELF: creating hex file...
".\Obj\RemoteControl.axf" - 0 Error(s), 8 Warning(s).
Load "E:\\Projects\\4x20 LCD\\LCD\\Obj\\RemoteControl.AXF" 
Erase Done.
Programming Done.
Verify OK.
Build target 'Target 1'
compiling lcd.c...
.\Inc\i2c-lcd.h(39): warning:  #47-D: incompatible redefinition of macro "LCD16X2_LINES"
Src\lcd.c(57): warning:  #188-D: enumerated type mixed with another type
Src\lcd.c(69): warning:  #188-D: enumerated type mixed with another type
Src\lcd.c(71): warning:  #188-D: enumerated type mixed with another type
Src\lcd.c(194): warning:  #1-D: last line of file ends without a newline
Src\lcd.c(36): warning:  #177-D: function "command_mode" was declared but never referenced
Src\lcd.c(41): warning:  #177-D: function "data_mode" was declared but never referenced
Src\lcd.c(46): warning:  #177-D: function "lcd_e_pulse" was declared but never referenced
linking...
Program Size: Code=37192 RO-data=268 RW-data=44 ZI-data=1780  
FromELF: creating hex file...
".\Obj\RemoteControl.axf" - 0 Error(s), 8 Warning(s).
Load "E:\\Projects\\4x20 LCD\\LCD\\Obj\\RemoteControl.AXF" 
Erase Done.
Programming Done.
Verify OK.
Build target 'Target 1'
compiling lcd.c...
.\Inc\i2c-lcd.h(39): warning:  #47-D: incompatible redefinition of macro "LCD16X2_LINES"
Src\lcd.c(57): warning:  #188-D: enumerated type mixed with another type
Src\lcd.c(69): warning:  #188-D: enumerated type mixed with another type
Src\lcd.c(71): warning:  #188-D: enumerated type mixed with another type
Src\lcd.c(194): warning:  #1-D: last line of file ends without a newline
Src\lcd.c(36): warning:  #177-D: function "command_mode" was declared but never referenced
Src\lcd.c(41): warning:  #177-D: function "data_mode" was declared but never referenced
Src\lcd.c(46): warning:  #177-D: function "lcd_e_pulse" was declared but never referenced
linking...
Program Size: Code=37196 RO-data=268 RW-data=44 ZI-data=1780  
FromELF: creating hex file...
".\Obj\RemoteControl.axf" - 0 Error(s), 8 Warning(s).
Load "E:\\Projects\\4x20 LCD\\LCD\\Obj\\RemoteControl.AXF" 
Erase Done.
Programming Done.
Verify OK.
Build target 'Target 1'
compiling lcd.c...
.\Inc\i2c-lcd.h(39): warning:  #47-D: incompatible redefinition of macro "LCD16X2_LINES"
Src\lcd.c(57): warning:  #188-D: enumerated type mixed with another type
Src\lcd.c(69): warning:  #188-D: enumerated type mixed with another type
Src\lcd.c(71): warning:  #188-D: enumerated type mixed with another type
Src\lcd.c(194): warning:  #1-D: last line of file ends without a newline
Src\lcd.c(36): warning:  #177-D: function "command_mode" was declared but never referenced
Src\lcd.c(41): warning:  #177-D: function "data_mode" was declared but never referenced
Src\lcd.c(46): warning:  #177-D: function "lcd_e_pulse" was declared but never referenced
linking...
Program Size: Code=37196 RO-data=268 RW-data=44 ZI-data=1780  
FromELF: creating hex file...
".\Obj\RemoteControl.axf" - 0 Error(s), 8 Warning(s).
Build target 'Target 1'
compiling main.c...
.\Inc\i2c-lcd.h(39): warning:  #47-D: incompatible redefinition of macro "LCD16X2_LINES"
Src\main.c(100): warning:  #40-D: expected an identifier
Src\main.c(130): warning:  #223-D: function "lcd_pin_init" declared implicitly
Src\main.c(229): warning:  #177-D: function "MX_I2C1_Init" was declared but never referenced
linking...
Program Size: Code=37196 RO-data=268 RW-data=44 ZI-data=1780  
FromELF: creating hex file...
".\Obj\RemoteControl.axf" - 0 Error(s), 4 Warning(s).
Load "E:\\Projects\\4x20 LCD\\LCD\\Obj\\RemoteControl.AXF" 
Erase Done.
Programming Done.
Verify OK.
Build target 'Target 1'
compiling main.c...
.\Inc\i2c-lcd.h(39): warning:  #47-D: incompatible redefinition of macro "LCD16X2_LINES"
Src\main.c(100): warning:  #40-D: expected an identifier
Src\main.c(130): warning:  #223-D: function "lcd_pin_init" declared implicitly
Src\main.c(229): warning:  #177-D: function "MX_I2C1_Init" was declared but never referenced
linking...
Program Size: Code=37192 RO-data=268 RW-data=44 ZI-data=1780  
FromELF: creating hex file...
".\Obj\RemoteControl.axf" - 0 Error(s), 4 Warning(s).
Load "E:\\Projects\\4x20 LCD\\LCD\\Obj\\RemoteControl.AXF" 
Erase Done.
Programming Done.
Verify OK.
Build target 'Target 1'
linking...
Program Size: Code=37192 RO-data=268 RW-data=44 ZI-data=1780  
FromELF: creating hex file...
".\Obj\RemoteControl.axf" - 0 Error(s), 0 Warning(s).
Load "E:\\Projects\\4x20 LCD\\LCD\\Obj\\RemoteControl.AXF" 
Erase Done.
Programming Done.
Verify OK.
